Archive member included to satisfy reference by file (symbol)

../src/ASF/thirdparty/CMSIS/Lib/GCC\libarm_cortexM0l_math.a(arm_const_structs.o)
                              src/arm_fft_bin_example_f32.o (arm_cfft_sR_f32_len1024)
../src/ASF/thirdparty/CMSIS/Lib/GCC\libarm_cortexM0l_math.a(arm_common_tables.o)
                              ../src/ASF/thirdparty/CMSIS/Lib/GCC\libarm_cortexM0l_math.a(arm_const_structs.o) (armBitRevIndexTable_fixed_4096)
../src/ASF/thirdparty/CMSIS/Lib/GCC\libarm_cortexM0l_math.a(arm_max_f32.o)
                              src/arm_fft_bin_example_f32.o (arm_max_f32)
../src/ASF/thirdparty/CMSIS/Lib/GCC\libarm_cortexM0l_math.a(arm_cfft_f32.o)
                              src/arm_fft_bin_example_f32.o (arm_cfft_f32)
../src/ASF/thirdparty/CMSIS/Lib/GCC\libarm_cortexM0l_math.a(arm_cmplx_mag_f32.o)
                              src/arm_fft_bin_example_f32.o (arm_cmplx_mag_f32)
../src/ASF/thirdparty/CMSIS/Lib/GCC\libarm_cortexM0l_math.a(arm_bitreversal2.o)
                              ../src/ASF/thirdparty/CMSIS/Lib/GCC\libarm_cortexM0l_math.a(arm_cfft_f32.o) (arm_bitreversal_32)
../src/ASF/thirdparty/CMSIS/Lib/GCC\libarm_cortexM0l_math.a(arm_cfft_radix8_f32.o)
                              ../src/ASF/thirdparty/CMSIS/Lib/GCC\libarm_cortexM0l_math.a(arm_cfft_f32.o) (arm_radix8_butterfly_f32)
c:/program files (x86)/atmel/studio/7.0/toolchain/arm/arm-gnu-toolchain/bin/../lib/gcc/arm-none-eabi/6.3.1/../../../../arm-none-eabi/lib/thumb/v6-m\libm.a(lib_a-wf_sqrt.o)
                              ../src/ASF/thirdparty/CMSIS/Lib/GCC\libarm_cortexM0l_math.a(arm_cmplx_mag_f32.o) (sqrtf)
c:/program files (x86)/atmel/studio/7.0/toolchain/arm/arm-gnu-toolchain/bin/../lib/gcc/arm-none-eabi/6.3.1/../../../../arm-none-eabi/lib/thumb/v6-m\libm.a(lib_a-ef_sqrt.o)
                              c:/program files (x86)/atmel/studio/7.0/toolchain/arm/arm-gnu-toolchain/bin/../lib/gcc/arm-none-eabi/6.3.1/../../../../arm-none-eabi/lib/thumb/v6-m\libm.a(lib_a-wf_sqrt.o) (__ieee754_sqrtf)
c:/program files (x86)/atmel/studio/7.0/toolchain/arm/arm-gnu-toolchain/bin/../lib/gcc/arm-none-eabi/6.3.1/../../../../arm-none-eabi/lib/thumb/v6-m\libm.a(lib_a-s_lib_ver.o)
                              c:/program files (x86)/atmel/studio/7.0/toolchain/arm/arm-gnu-toolchain/bin/../lib/gcc/arm-none-eabi/6.3.1/../../../../arm-none-eabi/lib/thumb/v6-m\libm.a(lib_a-wf_sqrt.o) (__fdlib_version)
c:/program files (x86)/atmel/studio/7.0/toolchain/arm/arm-gnu-toolchain/bin/../lib/gcc/arm-none-eabi/6.3.1/../../../../arm-none-eabi/lib/thumb/v6-m\libm.a(lib_a-s_matherr.o)
                              c:/program files (x86)/atmel/studio/7.0/toolchain/arm/arm-gnu-toolchain/bin/../lib/gcc/arm-none-eabi/6.3.1/../../../../arm-none-eabi/lib/thumb/v6-m\libm.a(lib_a-wf_sqrt.o) (matherr)
c:/program files (x86)/atmel/studio/7.0/toolchain/arm/arm-gnu-toolchain/bin/../lib/gcc/arm-none-eabi/6.3.1/thumb/v6-m\libgcc.a(_udivsi3.o)
                              src/ASF/sam0/drivers/system/clock/clock_samd21_r21_da_ha1/clock.o (__aeabi_uidiv)
c:/program files (x86)/atmel/studio/7.0/toolchain/arm/arm-gnu-toolchain/bin/../lib/gcc/arm-none-eabi/6.3.1/thumb/v6-m\libgcc.a(_dvmd_tls.o)
                              c:/program files (x86)/atmel/studio/7.0/toolchain/arm/arm-gnu-toolchain/bin/../lib/gcc/arm-none-eabi/6.3.1/thumb/v6-m\libgcc.a(_udivsi3.o) (__aeabi_idiv0)
c:/program files (x86)/atmel/studio/7.0/toolchain/arm/arm-gnu-toolchain/bin/../lib/gcc/arm-none-eabi/6.3.1/thumb/v6-m\libgcc.a(_arm_cmpsf2.o)
                              c:/program files (x86)/atmel/studio/7.0/toolchain/arm/arm-gnu-toolchain/bin/../lib/gcc/arm-none-eabi/6.3.1/../../../../arm-none-eabi/lib/thumb/v6-m\libm.a(lib_a-wf_sqrt.o) (__aeabi_fcmplt)
c:/program files (x86)/atmel/studio/7.0/toolchain/arm/arm-gnu-toolchain/bin/../lib/gcc/arm-none-eabi/6.3.1/thumb/v6-m\libgcc.a(addsf3.o)
                              ../src/ASF/thirdparty/CMSIS/Lib/GCC\libarm_cortexM0l_math.a(arm_cfft_f32.o) (__aeabi_fadd)
c:/program files (x86)/atmel/studio/7.0/toolchain/arm/arm-gnu-toolchain/bin/../lib/gcc/arm-none-eabi/6.3.1/thumb/v6-m\libgcc.a(divsf3.o)
                              ../src/ASF/thirdparty/CMSIS/Lib/GCC\libarm_cortexM0l_math.a(arm_cfft_f32.o) (__aeabi_fdiv)
c:/program files (x86)/atmel/studio/7.0/toolchain/arm/arm-gnu-toolchain/bin/../lib/gcc/arm-none-eabi/6.3.1/thumb/v6-m\libgcc.a(eqsf2.o)
                              c:/program files (x86)/atmel/studio/7.0/toolchain/arm/arm-gnu-toolchain/bin/../lib/gcc/arm-none-eabi/6.3.1/thumb/v6-m\libgcc.a(_arm_cmpsf2.o) (__eqsf2)
c:/program files (x86)/atmel/studio/7.0/toolchain/arm/arm-gnu-toolchain/bin/../lib/gcc/arm-none-eabi/6.3.1/thumb/v6-m\libgcc.a(gesf2.o)
                              c:/program files (x86)/atmel/studio/7.0/toolchain/arm/arm-gnu-toolchain/bin/../lib/gcc/arm-none-eabi/6.3.1/thumb/v6-m\libgcc.a(_arm_cmpsf2.o) (__gesf2)
[...]
Memory Configuration

Name             Origin             Length             Attributes
rom              0x00000000         0x00040000         xr
ram              0x20000000         0x00008000         xrw
*default*        0x00000000         0xffffffff

Linker script and memory map

LOAD c:/program files (x86)/atmel/studio/7.0/toolchain/arm/arm-gnu-toolchain/bin/../lib/gcc/arm-none-eabi/6.3.1/thumb/v6-m/crti.o
LOAD c:/program files (x86)/atmel/studio/7.0/toolchain/arm/arm-gnu-toolchain/bin/../lib/gcc/arm-none-eabi/6.3.1/thumb/v6-m/crtbegin.o
LOAD c:/program files (x86)/atmel/studio/7.0/toolchain/arm/arm-gnu-toolchain/bin/../lib/gcc/arm-none-eabi/6.3.1/../../../../arm-none-eabi/lib/thumb/v6-m/crt0.o
LOAD src/arm_fft_bin_data.o
LOAD src/arm_fft_bin_example_f32.o
LOAD src/ASF/common/utils/interrupt/interrupt_sam_nvic.o
LOAD src/ASF/sam0/boards/samd21_xplained_pro/board_init.o
LOAD src/ASF/sam0/drivers/port/port.o
LOAD src/ASF/sam0/drivers/system/clock/clock_samd21_r21_da_ha1/clock.o
LOAD src/ASF/sam0/drivers/system/clock/clock_samd21_r21_da_ha1/gclk.o
LOAD src/ASF/sam0/drivers/system/interrupt/system_interrupt.o
LOAD src/ASF/sam0/drivers/system/pinmux/pinmux.o
LOAD src/ASF/sam0/drivers/system/system.o
LOAD src/ASF/sam0/utils/cmsis/samd21/source/gcc/startup_samd21.o
LOAD src/ASF/sam0/utils/cmsis/samd21/source/system_samd21.o
LOAD src/ASF/sam0/utils/syscalls/gcc/syscalls.o
START GROUP
LOAD ../src/ASF/thirdparty/CMSIS/Lib/GCC\libarm_cortexM0l_math.a
LOAD c:/program files (x86)/atmel/studio/7.0/toolchain/arm/arm-gnu-toolchain/bin/../lib/gcc/arm-none-eabi/6.3.1/../../../../arm-none-eabi/lib/thumb/v6-m\libm.a
END GROUP
START GROUP
LOAD c:/program files (x86)/atmel/studio/7.0/toolchain/arm/arm-gnu-toolchain/bin/../lib/gcc/arm-none-eabi/6.3.1/thumb/v6-m\libgcc.a
LOAD c:/program files (x86)/atmel/studio/7.0/toolchain/arm/arm-gnu-toolchain/bin/../lib/gcc/arm-none-eabi/6.3.1/../../../../arm-none-eabi/lib/thumb/v6-m\libc_nano.a
END GROUP
START GROUP
LOAD c:/program files (x86)/atmel/studio/7.0/toolchain/arm/arm-gnu-toolchain/bin/../lib/gcc/arm-none-eabi/6.3.1/thumb/v6-m\libgcc.a
LOAD c:/program files (x86)/atmel/studio/7.0/toolchain/arm/arm-gnu-toolchain/bin/../lib/gcc/arm-none-eabi/6.3.1/../../../../arm-none-eabi/lib/thumb/v6-m\libc_nano.a
END GROUP
LOAD c:/program files (x86)/atmel/studio/7.0/toolchain/arm/arm-gnu-toolchain/bin/../lib/gcc/arm-none-eabi/6.3.1/thumb/v6-m/crtend.o
LOAD c:/program files (x86)/atmel/studio/7.0/toolchain/arm/arm-gnu-toolchain/bin/../lib/gcc/arm-none-eabi/6.3.1/thumb/v6-m/crtn.o
                0x00002000                STACK_SIZE = DEFINED (STACK_SIZE)?STACK_SIZE:DEFINED (__stack_size__)?__stack_size__:0x2000

.text           0x00000000     0x5f38
                0x00000000                . = ALIGN (0x4)
                0x00000000                _sfixed = .
 *(.vectors .vectors.*)
 .vectors       0x00000000       0xb4 src/ASF/sam0/utils/cmsis/samd21/source/gcc/startup_samd21.o
                0x00000000                exception_table
 *(.text .text.* .gnu.linkonce.t.*)
 .text          0x000000b4       0x60 c:/program files (x86)/atmel/studio/7.0/toolchain/arm/arm-gnu-toolchain/bin/../lib/gcc/arm-none-eabi/6.3.1/thumb/v6-m/crtbegin.o
 .text.main     0x00000114       0x90 src/arm_fft_bin_example_f32.o
                0x00000114                main
 .text.Dummy_Handler
                0x000001a4        0x2 src/ASF/sam0/utils/cmsis/samd21/source/gcc/startup_samd21.o
                0x000001a4                DMAC_Handler
                0x000001a4                HardFault_Handler
                0x000001a4                AC_Handler
                0x000001a4                SysTick_Handler
                0x000001a4                PendSV_Handler
                0x000001a4                NMI_Handler
                0x000001a4                TC7_Handler
                0x000001a4                SERCOM1_Handler
                0x000001a4                ADC_Handler
                0x000001a4                TCC1_Handler
                0x000001a4                SERCOM2_Handler
                0x000001a4                TCC0_Handler
                0x000001a4                RTC_Handler
                0x000001a4                EIC_Handler
                0x000001a4                TC6_Handler
                0x000001a4                WDT_Handler
                0x000001a4                TC4_Handler
                0x000001a4                USB_Handler
                0x000001a4                TC3_Handler
                0x000001a4                Dummy_Handler
                0x000001a4                PM_Handler
                0x000001a4                SERCOM5_Handler
                0x000001a4                SVC_Handler
                0x000001a4                TCC2_Handler
                0x000001a4                EVSYS_Handler
                0x000001a4                SERCOM3_Handler
                0x000001a4                SERCOM4_Handler
                0x000001a4                I2S_Handler
                0x000001a4                NVMCTRL_Handler
                0x000001a4                SERCOM0_Handler
                0x000001a4                DAC_Handler
                0x000001a4                PTC_Handler
                0x000001a4                TC5_Handler
                0x000001a4                SYSCTRL_Handler
 *fill*         0x000001a6        0x2 
 .text.Reset_Handler
                0x000001a8       0xe4 src/ASF/sam0/utils/cmsis/samd21/source/gcc/startup_samd21.o
                0x000001a8                Reset_Handler
 .text.arm_max_f32
                0x0000028c       0x78 ../src/ASF/thirdparty/CMSIS/Lib/GCC\libarm_cortexM0l_math.a(arm_max_f32.o)
                0x0000028c                arm_max_f32
 .text.arm_cfft_radix8by2_f32
                0x00000304      0x27c ../src/ASF/thirdparty/CMSIS/Lib/GCC\libarm_cortexM0l_math.a(arm_cfft_f32.o)
                0x00000304                arm_cfft_radix8by2_f32
 .text.arm_cfft_radix8by4_f32
                0x00000580      0x708 ../src/ASF/thirdparty/CMSIS/Lib/GCC\libarm_cortexM0l_math.a(arm_cfft_f32.o)
                0x00000580                arm_cfft_radix8by4_f32
 .text.arm_cfft_f32
                0x00000c88      0x100 ../src/ASF/thirdparty/CMSIS/Lib/GCC\libarm_cortexM0l_math.a(arm_cfft_f32.o)
                0x00000c88                arm_cfft_f32
 .text.arm_cmplx_mag_f32
                0x00000d88       0x68 ../src/ASF/thirdparty/CMSIS/Lib/GCC\libarm_cortexM0l_math.a(arm_cmplx_mag_f32.o)
                0x00000d88                arm_cmplx_mag_f32
 .text          0x00000df0       0x50 ../src/ASF/thirdparty/CMSIS/Lib/GCC\libarm_cortexM0l_math.a(arm_bitreversal2.o)
                0x00000df0                arm_bitreversal_32
                0x00000e1a                arm_bitreversal_16
 .text.arm_radix8_butterfly_f32
                0x00000e40      0x8dc ../src/ASF/thirdparty/CMSIS/Lib/GCC\libarm_cortexM0l_math.a(arm_cfft_radix8_f32.o)
                0x00000e40                arm_radix8_butterfly_f32
 .text.sqrtf    0x0000171c       0xa4 c:/program files (x86)/atmel/studio/7.0/toolchain/arm/arm-gnu-toolchain/bin/../lib/gcc/arm-none-eabi/6.3.1/../../../../arm-none-eabi/lib/thumb/v6-m\libm.a(lib_a-wf_sqrt.o)
                0x0000171c                sqrtf
 .text.__ieee754_sqrtf
                0x000017c0       0xb8 c:/program files (x86)/atmel/studio/7.0/toolchain/arm/arm-gnu-toolchain/bin/../lib/gcc/arm-none-eabi/6.3.1/../../../../arm-none-eabi/lib/thumb/v6-m\libm.a(lib_a-ef_sqrt.o)
                0x000017c0                __ieee754_sqrtf
 .text.matherr  0x00001878        0x4 c:/program files (x86)/atmel/studio/7.0/toolchain/arm/arm-gnu-toolchain/bin/../lib/gcc/arm-none-eabi/6.3.1/../../../../arm-none-eabi/lib/thumb/v6-m\libm.a(lib_a-s_matherr.o)
                0x00001878                matherr
 .text          0x0000187c      0x114 c:/program files (x86)/atmel/studio/7.0/toolchain/arm/arm-gnu-toolchain/bin/../lib/gcc/arm-none-eabi/6.3.1/thumb/v6-m\libgcc.a(_udivsi3.o)
                0x0000187c                __aeabi_uidiv
                0x0000187c                __udivsi3
                0x00001988                __aeabi_uidivmod
 .text          0x00001990        0x4 c:/program files (x86)/atmel/studio/7.0/toolchain/arm/arm-gnu-toolchain/bin/../lib/gcc/arm-none-eabi/6.3.1/thumb/v6-m\libgcc.a(_dvmd_tls.o)
                0x00001990                __aeabi_idiv0
                0x00001990                __aeabi_ldiv0
 .text          0x00001994       0x74 c:/program files (x86)/atmel/studio/7.0/toolchain/arm/arm-gnu-toolchain/bin/../lib/gcc/arm-none-eabi/6.3.1/thumb/v6-m\libgcc.a(_arm_cmpsf2.o)
                0x00001994                __aeabi_cfrcmple
                0x0000199c                __aeabi_cfcmpeq
                0x0000199c                __aeabi_cfcmple
                0x000019ac                __aeabi_fcmpeq
                0x000019b8                __aeabi_fcmplt
                0x000019cc                __aeabi_fcmple
                0x000019e0                __aeabi_fcmpgt
                0x000019f4                __aeabi_fcmpge
 .text          0x00001a08      0x324 c:/program files (x86)/atmel/studio/7.0/toolchain/arm/arm-gnu-toolchain/bin/../lib/gcc/arm-none-eabi/6.3.1/thumb/v6-m\libgcc.a(addsf3.o)
                0x00001a08                __aeabi_fadd
 .text          0x00001d2c      0x290 c:/program files (x86)/atmel/studio/7.0/toolchain/arm/arm-gnu-toolchain/bin/../lib/gcc/arm-none-eabi/6.3.1/thumb/v6-m\libgcc.a(divsf3.o)
                0x00001d2c                __aeabi_fdiv
 .text          0x00001fbc       0x4c c:/program files (x86)/atmel/studio/7.0/toolchain/arm/arm-gnu-toolchain/bin/../lib/gcc/arm-none-eabi/6.3.1/thumb/v6-m\libgcc.a(eqsf2.o)
                0x00001fbc                __eqsf2
                0x00001fbc                __nesf2
 .text          0x00002008       0x80 c:/program files (x86)/atmel/studio/7.0/toolchain/arm/arm-gnu-toolchain/bin/../lib/gcc/arm-none-eabi/6.3.1/thumb/v6-m\libgcc.a(gesf2.o)
                0x00002008                __gesf2
                0x00002008                __gtsf2
 .text          0x00002088       0x84 c:/program files (x86)/atmel/studio/7.0/toolchain/arm/arm-gnu-toolchain/bin/../lib/gcc/arm-none-eabi/6.3.1/thumb/v6-m\libgcc.a(lesf2.o)
                0x00002088                __ltsf2
                0x00002088                __lesf2
 .text          0x0000210c      0x240 c:/program files (x86)/atmel/studio/7.0/toolchain/arm/arm-gnu-toolchain/bin/../lib/gcc/arm-none-eabi/6.3.1/thumb/v6-m\libgcc.a(mulsf3.o)
                0x0000210c                __aeabi_fmul
 .text          0x0000234c      0x338 c:/program files (x86)/atmel/studio/7.0/toolchain/arm/arm-gnu-toolchain/bin/../lib/gcc/arm-none-eabi/6.3.1/thumb/v6-m\libgcc.a(subsf3.o)
                0x0000234c                __aeabi_fsub
 .text          0x00002684       0x30 c:/program files (x86)/atmel/studio/7.0/toolchain/arm/arm-gnu-toolchain/bin/../lib/gcc/arm-none-eabi/6.3.1/thumb/v6-m\libgcc.a(unordsf2.o)
                0x00002684                __aeabi_fcmpun
 .text          0x000026b4       0x8c c:/program files (x86)/atmel/studio/7.0/toolchain/arm/arm-gnu-toolchain/bin/../lib/gcc/arm-none-eabi/6.3.1/thumb/v6-m\libgcc.a(floatunsisf.o)
                0x000026b4                __aeabi_ui2f
 .text          0x00002740      0x668 c:/program files (x86)/atmel/studio/7.0/toolchain/arm/arm-gnu-toolchain/bin/../lib/gcc/arm-none-eabi/6.3.1/thumb/v6-m\libgcc.a(divdf3.o)
                0x00002740                __aeabi_ddiv
 .text          0x00002da8       0xa4 c:/program files (x86)/atmel/studio/7.0/toolchain/arm/arm-gnu-toolchain/bin/../lib/gcc/arm-none-eabi/6.3.1/thumb/v6-m\libgcc.a(extendsfdf2.o)
                0x00002da8                __aeabi_f2d
 .text          0x00002e4c      0x114 c:/program files (x86)/atmel/studio/7.0/toolchain/arm/arm-gnu-toolchain/bin/../lib/gcc/arm-none-eabi/6.3.1/thumb/v6-m\libgcc.a(truncdfsf2.o)
                0x00002e4c                __aeabi_d2f
 .text          0x00002f60       0x3c c:/program files (x86)/atmel/studio/7.0/toolchain/arm/arm-gnu-toolchain/bin/../lib/gcc/arm-none-eabi/6.3.1/thumb/v6-m\libgcc.a(_clzsi2.o)
                0x00002f60                __clzsi2
 .text.__errno  0x00002f9c        0xc c:/program files (x86)/atmel/studio/7.0/toolchain/arm/arm-gnu-toolchain/bin/../lib/gcc/arm-none-eabi/6.3.1/../../../../arm-none-eabi/lib/thumb/v6-m\libc_nano.a(lib_a-errno.o)
                0x00002f9c                __errno
 .text.__libc_init_array
                0x00002fa8       0x48 c:/program files (x86)/atmel/studio/7.0/toolchain/arm/arm-gnu-toolchain/bin/../lib/gcc/arm-none-eabi/6.3.1/../../../../arm-none-eabi/lib/thumb/v6-m\libc_nano.a(lib_a-init.o)
                0x00002fa8                __libc_init_array
 *(.glue_7t)
 .glue_7t       0x00002ff0        0x0 linker stubs
 *(.glue_7)
 .glue_7        0x00002ff0        0x0 linker stubs
 *(.rodata .rodata* .gnu.linkonce.r.*)
 .rodata.arm_cfft_sR_f32_len1024
                0x00002ff0       0x10 ../src/ASF/thirdparty/CMSIS/Lib/GCC\libarm_cortexM0l_math.a(arm_const_structs.o)
                0x00002ff0                arm_cfft_sR_f32_len1024
 .rodata.twiddleCoef_1024
                0x00003000     0x2000 ../src/ASF/thirdparty/CMSIS/Lib/GCC\libarm_cortexM0l_math.a(arm_common_tables.o)
                0x00003000                twiddleCoef_1024
 .rodata.armBitRevIndexTable1024
                0x00005000      0xe10 ../src/ASF/thirdparty/CMSIS/Lib/GCC\libarm_cortexM0l_math.a(arm_common_tables.o)
                0x00005000                armBitRevIndexTable1024
 .rodata.sqrtf.str1.4
                0x00005e10        0x8 c:/program files (x86)/atmel/studio/7.0/toolchain/arm/arm-gnu-toolchain/bin/../lib/gcc/arm-none-eabi/6.3.1/../../../../arm-none-eabi/lib/thumb/v6-m\libm.a(lib_a-wf_sqrt.o)
                                  0x6 (size before relaxing)
 .rodata        0x00005e18       0x80 c:/program files (x86)/atmel/studio/7.0/toolchain/arm/arm-gnu-toolchain/bin/../lib/gcc/arm-none-eabi/6.3.1/thumb/v6-m\libgcc.a(divsf3.o)
 .rodata        0x00005e98       0x40 c:/program files (x86)/atmel/studio/7.0/toolchain/arm/arm-gnu-toolchain/bin/../lib/gcc/arm-none-eabi/6.3.1/thumb/v6-m\libgcc.a(mulsf3.o)
 .rodata        0x00005ed8       0x40 c:/program files (x86)/atmel/studio/7.0/toolchain/arm/arm-gnu-toolchain/bin/../lib/gcc/arm-none-eabi/6.3.1/thumb/v6-m\libgcc.a(divdf3.o)
 *(.ARM.extab* .gnu.linkonce.armextab.*)
                0x00005f18                . = ALIGN (0x4)
 *(.init)
 .init          0x00005f18        0x4 c:/program files (x86)/atmel/studio/7.0/toolchain/arm/arm-gnu-toolchain/bin/../lib/gcc/arm-none-eabi/6.3.1/thumb/v6-m/crti.o
                0x00005f18                _init
 .init          0x00005f1c        0x8 c:/program files (x86)/atmel/studio/7.0/toolchain/arm/arm-gnu-toolchain/bin/../lib/gcc/arm-none-eabi/6.3.1/thumb/v6-m/crtn.o
                0x00005f24                . = ALIGN (0x4)
                0x00005f24                __preinit_array_start = .
 *(.preinit_array)
                0x00005f24                __preinit_array_end = .
                0x00005f24                . = ALIGN (0x4)
                0x00005f24                __init_array_start = .
 *(SORT(.init_array.*))
 *(.init_array)
 .init_array    0x00005f24        0x4 c:/program files (x86)/atmel/studio/7.0/toolchain/arm/arm-gnu-toolchain/bin/../lib/gcc/arm-none-eabi/6.3.1/thumb/v6-m/crtbegin.o
                0x00005f28                __init_array_end = .
                0x00005f28                . = ALIGN (0x4)
 *crtbegin.o(.ctors)
 *(EXCLUDE_FILE(*crtend.o) .ctors)
 *(SORT(.ctors.*))
 *crtend.o(.ctors)
                0x00005f28                . = ALIGN (0x4)
 *(.fini)
 .fini          0x00005f28        0x4 c:/program files (x86)/atmel/studio/7.0/toolchain/arm/arm-gnu-toolchain/bin/../lib/gcc/arm-none-eabi/6.3.1/thumb/v6-m/crti.o
                0x00005f28                _fini
 .fini          0x00005f2c        0x8 c:/program files (x86)/atmel/studio/7.0/toolchain/arm/arm-gnu-toolchain/bin/../lib/gcc/arm-none-eabi/6.3.1/thumb/v6-m/crtn.o
                0x00005f34                . = ALIGN (0x4)
                0x00005f34                __fini_array_start = .
 *(.fini_array)
 .fini_array    0x00005f34        0x4 c:/program files (x86)/atmel/studio/7.0/toolchain/arm/arm-gnu-toolchain/bin/../lib/gcc/arm-none-eabi/6.3.1/thumb/v6-m/crtbegin.o
 *(SORT(.fini_array.*))
                0x00005f38                __fini_array_end = .
 *crtbegin.o(.dtors)
 *(EXCLUDE_FILE(*crtend.o) .dtors)
 *(SORT(.dtors.*))
 *crtend.o(.dtors)
                0x00005f38                . = ALIGN (0x4)
                0x00005f38                _efixed = .
                [!provide]                PROVIDE (__exidx_start, .)

.vfp11_veneer   0x00005f38        0x0
 .vfp11_veneer  0x00005f38        0x0 linker stubs

.v4_bx          0x00005f38        0x0
 .v4_bx         0x00005f38        0x0 linker stubs

.iplt           0x00005f38        0x0
 .iplt          0x00005f38        0x0 c:/program files (x86)/atmel/studio/7.0/toolchain/arm/arm-gnu-toolchain/bin/../lib/gcc/arm-none-eabi/6.3.1/thumb/v6-m/crtbegin.o

.eh_frame       0x00005f38        0x0
 .eh_frame      0x00005f38        0x0 c:/program files (x86)/atmel/studio/7.0/toolchain/arm/arm-gnu-toolchain/bin/../lib/gcc/arm-none-eabi/6.3.1/thumb/v6-m/crtbegin.o

.rel.dyn        0x00005f38        0x0
 .rel.iplt      0x00005f38        0x0 c:/program files (x86)/atmel/studio/7.0/toolchain/arm/arm-gnu-toolchain/bin/../lib/gcc/arm-none-eabi/6.3.1/thumb/v6-m/crtbegin.o

.jcr            0x00005f38        0x0
 .jcr           0x00005f38        0x0 c:/program files (x86)/atmel/studio/7.0/toolchain/arm/arm-gnu-toolchain/bin/../lib/gcc/arm-none-eabi/6.3.1/thumb/v6-m/crtbegin.o

.igot.plt       0x00005f38        0x0
 .igot.plt      0x00005f38        0x0 c:/program files (x86)/atmel/studio/7.0/toolchain/arm/arm-gnu-toolchain/bin/../lib/gcc/arm-none-eabi/6.3.1/thumb/v6-m/crtbegin.o

.ARM.exidx
 *(.ARM.exidx* .gnu.linkonce.armexidx.*)
                [!provide]                PROVIDE (__exidx_end, .)
                0x00005f38                . = ALIGN (0x4)
                0x00005f38                _etext = .

.relocate       0x20000000     0x2074 load address 0x00005f38
                0x20000000                . = ALIGN (0x4)
                0x20000000                _srelocate = .
 *(.ramfunc .ramfunc.*)
 *(.data .data.*)
 .data.testInput_f32_10khz
                0x20000000     0x2000 src/arm_fft_bin_data.o
                0x20000000                testInput_f32_10khz
 .data.doBitReverse
                0x20002000        0x4 src/arm_fft_bin_example_f32.o
                0x20002000                doBitReverse
 .data.fftSize  0x20002004        0x4 src/arm_fft_bin_example_f32.o
                0x20002004                fftSize
 .data.refIndex
                0x20002008        0x4 src/arm_fft_bin_example_f32.o
                0x20002008                refIndex
 .data.__fdlib_version
                0x2000200c        0x1 c:/program files (x86)/atmel/studio/7.0/toolchain/arm/arm-gnu-toolchain/bin/../lib/gcc/arm-none-eabi/6.3.1/../../../../arm-none-eabi/lib/thumb/v6-m\libm.a(lib_a-s_lib_ver.o)
                0x2000200c                __fdlib_version
 *fill*         0x2000200d        0x3 
 .data._impure_ptr
                0x20002010        0x4 c:/program files (x86)/atmel/studio/7.0/toolchain/arm/arm-gnu-toolchain/bin/../lib/gcc/arm-none-eabi/6.3.1/../../../../arm-none-eabi/lib/thumb/v6-m\libc_nano.a(lib_a-impure.o)
                0x20002010                _impure_ptr
 .data.impure_data
                0x20002014       0x60 c:/program files (x86)/atmel/studio/7.0/toolchain/arm/arm-gnu-toolchain/bin/../lib/gcc/arm-none-eabi/6.3.1/../../../../arm-none-eabi/lib/thumb/v6-m\libc_nano.a(lib_a-impure.o)
                0x20002074                . = ALIGN (0x4)
                0x20002074                _erelocate = .

.bss            0x20002074     0x1024 load address 0x00007fac
                0x20002074                . = ALIGN (0x4)
                0x20002074                _sbss = .
                0x20002074                _szero = .
 *(.bss .bss.*)
 .bss           0x20002074       0x1c c:/program files (x86)/atmel/studio/7.0/toolchain/arm/arm-gnu-toolchain/bin/../lib/gcc/arm-none-eabi/6.3.1/thumb/v6-m/crtbegin.o
 .bss.ifftFlag  0x20002090        0x4 src/arm_fft_bin_example_f32.o
                0x20002090                ifftFlag
 .bss.testIndex
                0x20002094        0x4 src/arm_fft_bin_example_f32.o
                0x20002094                testIndex
 .bss.testOutput
                0x20002098     0x1000 src/arm_fft_bin_example_f32.o
 *(COMMON)
                0x20003098                . = ALIGN (0x4)
                0x20003098                _ebss = .
                0x20003098                _ezero = .

.stack          0x20003098     0x2000 load address 0x00008fd0
                0x20003098                . = ALIGN (0x8)
                0x20003098                _sstack = .
                0x20005098                . = (. + STACK_SIZE)
 *fill*         0x20003098     0x2000 
                0x20005098                . = ALIGN (0x8)
                0x20005098                _estack = .
                0x20005098                . = ALIGN (0x4)
                0x20005098                _end = .
OUTPUT(SAMD21_FFT_Test.elf elf32-littlearm)

.ARM.attributes
                0x00000000       0x28
 .ARM.attributes
                0x00000000       0x1e c:/program files (x86)/atmel/studio/7.0/toolchain/arm/arm-gnu-toolchain/bin/../lib/gcc/arm-none-eabi/6.3.1/thumb/v6-m/crti.o
 .ARM.attributes
                0x0000001e       0x2c c:/program files (x86)/atmel/studio/7.0/toolchain/arm/arm-gnu-toolchain/bin/../lib/gcc/arm-none-eabi/6.3.1/thumb/v6-m/crtbegin.o
 .ARM.attributes
                0x0000004a       0x32 src/arm_fft_bin_data.o
 .ARM.attributes
                0x0000007c       0x32 src/arm_fft_bin_example_f32.o
 .ARM.attributes
                0x000000ae       0x32 src/ASF/sam0/utils/cmsis/samd21/source/gcc/startup_samd21.o
 .ARM.attributes
                0x000000e0       0x31 ../src/ASF/thirdparty/CMSIS/Lib/GCC\libarm_cortexM0l_math.a(arm_const_structs.o)
 .ARM.attributes
                0x00000111       0x31 ../src/ASF/thirdparty/CMSIS/Lib/GCC\libarm_cortexM0l_math.a(arm_common_tables.o)
 .ARM.attributes
                0x00000142       0x31 ../src/ASF/thirdparty/CMSIS/Lib/GCC\libarm_cortexM0l_math.a(arm_max_f32.o)
 .ARM.attributes
                0x00000173       0x31 ../src/ASF/thirdparty/CMSIS/Lib/GCC\libarm_cortexM0l_math.a(arm_cfft_f32.o)
 .ARM.attributes
                0x000001a4       0x31 ../src/ASF/thirdparty/CMSIS/Lib/GCC\libarm_cortexM0l_math.a(arm_cmplx_mag_f32.o)
 .ARM.attributes
                0x000001d5       0x21 ../src/ASF/thirdparty/CMSIS/Lib/GCC\libarm_cortexM0l_math.a(arm_bitreversal2.o)
 .ARM.attributes
                0x000001f6       0x31 ../src/ASF/thirdparty/CMSIS/Lib/GCC\libarm_cortexM0l_math.a(arm_cfft_radix8_f32.o)
 .ARM.attributes
                0x00000227       0x2c c:/program files (x86)/atmel/studio/7.0/toolchain/arm/arm-gnu-toolchain/bin/../lib/gcc/arm-none-eabi/6.3.1/../../../../arm-none-eabi/lib/thumb/v6-m\libm.a(lib_a-wf_sqrt.o)
 .ARM.attributes
                0x00000253       0x2c c:/program files (x86)/atmel/studio/7.0/toolchain/arm/arm-gnu-toolchain/bin/../lib/gcc/arm-none-eabi/6.3.1/../../../../arm-none-eabi/lib/thumb/v6-m\libm.a(lib_a-ef_sqrt.o)
 .ARM.attributes
                0x0000027f       0x2c c:/program files (x86)/atmel/studio/7.0/toolchain/arm/arm-gnu-toolchain/bin/../lib/gcc/arm-none-eabi/6.3.1/../../../../arm-none-eabi/lib/thumb/v6-m\libm.a(lib_a-s_lib_ver.o)
 .ARM.attributes
                0x000002ab       0x2c c:/program files (x86)/atmel/studio/7.0/toolchain/arm/arm-gnu-toolchain/bin/../lib/gcc/arm-none-eabi/6.3.1/../../../../arm-none-eabi/lib/thumb/v6-m\libm.a(lib_a-s_matherr.o)
 .ARM.attributes
                0x000002d7       0x1e c:/program files (x86)/atmel/studio/7.0/toolchain/arm/arm-gnu-toolchain/bin/../lib/gcc/arm-none-eabi/6.3.1/thumb/v6-m\libgcc.a(_udivsi3.o)
 .ARM.attributes
                0x000002f5       0x1e c:/program files (x86)/atmel/studio/7.0/toolchain/arm/arm-gnu-toolchain/bin/../lib/gcc/arm-none-eabi/6.3.1/thumb/v6-m\libgcc.a(_dvmd_tls.o)
 .ARM.attributes
                0x00000313       0x1e c:/program files (x86)/atmel/studio/7.0/toolchain/arm/arm-gnu-toolchain/bin/../lib/gcc/arm-none-eabi/6.3.1/thumb/v6-m\libgcc.a(_arm_cmpsf2.o)
 .ARM.attributes
                0x00000331       0x2c c:/program files (x86)/atmel/studio/7.0/toolchain/arm/arm-gnu-toolchain/bin/../lib/gcc/arm-none-eabi/6.3.1/thumb/v6-m\libgcc.a(addsf3.o)
 .ARM.attributes
                0x0000035d       0x2c c:/program files (x86)/atmel/studio/7.0/toolchain/arm/arm-gnu-toolchain/bin/../lib/gcc/arm-none-eabi/6.3.1/thumb/v6-m\libgcc.a(divsf3.o)
 .ARM.attributes
                0x00000389       0x2c c:/program files (x86)/atmel/studio/7.0/toolchain/arm/arm-gnu-toolchain/bin/../lib/gcc/arm-none-eabi/6.3.1/thumb/v6-m\libgcc.a(eqsf2.o)
 .ARM.attributes
                0x000003b5       0x2c c:/program files (x86)/atmel/studio/7.0/toolchain/arm/arm-gnu-toolchain/bin/../lib/gcc/arm-none-eabi/6.3.1/thumb/v6-m\libgcc.a(gesf2.o)
 .ARM.attributes
                0x000003e1       0x2c c:/program files (x86)/atmel/studio/7.0/toolchain/arm/arm-gnu-toolchain/bin/../lib/gcc/arm-none-eabi/6.3.1/thumb/v6-m\libgcc.a(lesf2.o)
 .ARM.attributes
                0x0000040d       0x2c c:/program files (x86)/atmel/studio/7.0/toolchain/arm/arm-gnu-toolchain/bin/../lib/gcc/arm-none-eabi/6.3.1/thumb/v6-m\libgcc.a(mulsf3.o)
 .ARM.attributes
                0x00000439       0x2c c:/program files (x86)/atmel/studio/7.0/toolchain/arm/arm-gnu-toolchain/bin/../lib/gcc/arm-none-eabi/6.3.1/thumb/v6-m\libgcc.a(subsf3.o)
 .ARM.attributes
                0x00000465       0x2c c:/program files (x86)/atmel/studio/7.0/toolchain/arm/arm-gnu-toolchain/bin/../lib/gcc/arm-none-eabi/6.3.1/thumb/v6-m\libgcc.a(unordsf2.o)
 .ARM.attributes
                0x00000491       0x2c c:/program files (x86)/atmel/studio/7.0/toolchain/arm/arm-gnu-toolchain/bin/../lib/gcc/arm-none-eabi/6.3.1/thumb/v6-m\libgcc.a(floatunsisf.o)
 .ARM.attributes
                0x000004bd       0x2c c:/program files (x86)/atmel/studio/7.0/toolchain/arm/arm-gnu-toolchain/bin/../lib/gcc/arm-none-eabi/6.3.1/thumb/v6-m\libgcc.a(divdf3.o)
 .ARM.attributes
                0x000004e9       0x2c c:/program files (x86)/atmel/studio/7.0/toolchain/arm/arm-gnu-toolchain/bin/../lib/gcc/arm-none-eabi/6.3.1/thumb/v6-m\libgcc.a(extendsfdf2.o)
 .ARM.attributes
                0x00000515       0x2c c:/program files (x86)/atmel/studio/7.0/toolchain/arm/arm-gnu-toolchain/bin/../lib/gcc/arm-none-eabi/6.3.1/thumb/v6-m\libgcc.a(truncdfsf2.o)
 .ARM.attributes
                0x00000541       0x1e c:/program files (x86)/atmel/studio/7.0/toolchain/arm/arm-gnu-toolchain/bin/../lib/gcc/arm-none-eabi/6.3.1/thumb/v6-m\libgcc.a(_clzsi2.o)
 .ARM.attributes
                0x0000055f       0x2c c:/program files (x86)/atmel/studio/7.0/toolchain/arm/arm-gnu-toolchain/bin/../lib/gcc/arm-none-eabi/6.3.1/../../../../arm-none-eabi/lib/thumb/v6-m\libc_nano.a(lib_a-errno.o)
 .ARM.attributes
                0x0000058b       0x2c c:/program files (x86)/atmel/studio/7.0/toolchain/arm/arm-gnu-toolchain/bin/../lib/gcc/arm-none-eabi/6.3.1/../../../../arm-none-eabi/lib/thumb/v6-m\libc_nano.a(lib_a-impure.o)
 .ARM.attributes
                0x000005b7       0x2c c:/program files (x86)/atmel/studio/7.0/toolchain/arm/arm-gnu-toolchain/bin/../lib/gcc/arm-none-eabi/6.3.1/../../../../arm-none-eabi/lib/thumb/v6-m\libc_nano.a(lib_a-init.o)
 .ARM.attributes
                0x000005e3       0x1e c:/program files (x86)/atmel/studio/7.0/toolchain/arm/arm-gnu-toolchain/bin/../lib/gcc/arm-none-eabi/6.3.1/thumb/v6-m/crtn.o

.comment        0x00000000       0xc9
 .comment       0x00000000       0x59 src/arm_fft_bin_data.o
                                 0x5a (size before relaxing)
 .comment       0x00000059       0x5a src/arm_fft_bin_example_f32.o
 .comment       0x00000059       0x5a src/ASF/sam0/utils/cmsis/samd21/source/gcc/startup_samd21.o
 .comment       0x00000059       0x70 ../src/ASF/thirdparty/CMSIS/Lib/GCC\libarm_cortexM0l_math.a(arm_const_structs.o)
                                 0x71 (size before relaxing)
 .comment       0x000000c9       0x71 ../src/ASF/thirdparty/CMSIS/Lib/GCC\libarm_cortexM0l_math.a(arm_common_tables.o)
 .comment       0x000000c9       0x71 ../src/ASF/thirdparty/CMSIS/Lib/GCC\libarm_cortexM0l_math.a(arm_max_f32.o)
 .comment       0x000000c9       0x71 ../src/ASF/thirdparty/CMSIS/Lib/GCC\libarm_cortexM0l_math.a(arm_cfft_f32.o)
 .comment       0x000000c9       0x71 ../src/ASF/thirdparty/CMSIS/Lib/GCC\libarm_cortexM0l_math.a(arm_cmplx_mag_f32.o)
 .comment       0x000000c9       0x71 ../src/ASF/thirdparty/CMSIS/Lib/GCC\libarm_cortexM0l_math.a(arm_cfft_radix8_f32.o)

.debug_info     0x00000000     0x8479
 .debug_info    0x00000000      0xa85 src/arm_fft_bin_data.o
 .debug_info    0x00000a85     0x1d72 src/arm_fft_bin_example_f32.o
 .debug_info    0x000027f7     0x3a3f src/ASF/sam0/utils/cmsis/samd21/source/gcc/startup_samd21.o
 .debug_info    0x00006236      0x9f5 ../src/ASF/thirdparty/CMSIS/Lib/GCC\libarm_cortexM0l_math.a(arm_const_structs.o)
 .debug_info    0x00006c2b      0x99d ../src/ASF/thirdparty/CMSIS/Lib/GCC\libarm_cortexM0l_math.a(arm_common_tables.o)
 .debug_info    0x000075c8      0x150 ../src/ASF/thirdparty/CMSIS/Lib/GCC\libarm_cortexM0l_math.a(arm_max_f32.o)
 .debug_info    0x00007718      0x6d4 ../src/ASF/thirdparty/CMSIS/Lib/GCC\libarm_cortexM0l_math.a(arm_cfft_f32.o)
 .debug_info    0x00007dec      0x1d3 ../src/ASF/thirdparty/CMSIS/Lib/GCC\libarm_cortexM0l_math.a(arm_cmplx_mag_f32.o)
 .debug_info    0x00007fbf       0x85 ../src/ASF/thirdparty/CMSIS/Lib/GCC\libarm_cortexM0l_math.a(arm_bitreversal2.o)
 .debug_info    0x00008044      0x435 ../src/ASF/thirdparty/CMSIS/Lib/GCC\libarm_cortexM0l_math.a(arm_cfft_radix8_f32.o)

.debug_abbrev   0x00000000      0xbff
 .debug_abbrev  0x00000000      0x1d4 src/arm_fft_bin_data.o
 .debug_abbrev  0x000001d4      0x2bf src/arm_fft_bin_example_f32.o
 .debug_abbrev  0x00000493      0x234 src/ASF/sam0/utils/cmsis/samd21/source/gcc/startup_samd21.o
 .debug_abbrev  0x000006c7       0xa9 ../src/ASF/thirdparty/CMSIS/Lib/GCC\libarm_cortexM0l_math.a(arm_const_structs.o)
 .debug_abbrev  0x00000770       0x84 ../src/ASF/thirdparty/CMSIS/Lib/GCC\libarm_cortexM0l_math.a(arm_common_tables.o)
 .debug_abbrev  0x000007f4       0xa3 ../src/ASF/thirdparty/CMSIS/Lib/GCC\libarm_cortexM0l_math.a(arm_max_f32.o)
 .debug_abbrev  0x00000897      0x199 ../src/ASF/thirdparty/CMSIS/Lib/GCC\libarm_cortexM0l_math.a(arm_cfft_f32.o)
 .debug_abbrev  0x00000a30      0x113 ../src/ASF/thirdparty/CMSIS/Lib/GCC\libarm_cortexM0l_math.a(arm_cmplx_mag_f32.o)
 .debug_abbrev  0x00000b43       0x14 ../src/ASF/thirdparty/CMSIS/Lib/GCC\libarm_cortexM0l_math.a(arm_bitreversal2.o)
 .debug_abbrev  0x00000b57       0xa8 ../src/ASF/thirdparty/CMSIS/Lib/GCC\libarm_cortexM0l_math.a(arm_cfft_radix8_f32.o)

.debug_aranges  0x00000000      0x140
 .debug_aranges
                0x00000000       0x18 src/arm_fft_bin_data.o
 .debug_aranges
                0x00000018       0x20 src/arm_fft_bin_example_f32.o
 .debug_aranges
                0x00000038       0x28 src/ASF/sam0/utils/cmsis/samd21/source/gcc/startup_samd21.o
 .debug_aranges
                0x00000060       0x18 ../src/ASF/thirdparty/CMSIS/Lib/GCC\libarm_cortexM0l_math.a(arm_const_structs.o)
 .debug_aranges
                0x00000078       0x18 ../src/ASF/thirdparty/CMSIS/Lib/GCC\libarm_cortexM0l_math.a(arm_common_tables.o)
 .debug_aranges
                0x00000090       0x20 ../src/ASF/thirdparty/CMSIS/Lib/GCC\libarm_cortexM0l_math.a(arm_max_f32.o)
 .debug_aranges
                0x000000b0       0x30 ../src/ASF/thirdparty/CMSIS/Lib/GCC\libarm_cortexM0l_math.a(arm_cfft_f32.o)
 .debug_aranges
                0x000000e0       0x20 ../src/ASF/thirdparty/CMSIS/Lib/GCC\libarm_cortexM0l_math.a(arm_cmplx_mag_f32.o)
 .debug_aranges
                0x00000100       0x20 ../src/ASF/thirdparty/CMSIS/Lib/GCC\libarm_cortexM0l_math.a(arm_bitreversal2.o)
 .debug_aranges
                0x00000120       0x20 ../src/ASF/thirdparty/CMSIS/Lib/GCC\libarm_cortexM0l_math.a(arm_cfft_radix8_f32.o)

.debug_macro    0x00000000    0x15f5f
 .debug_macro   0x00000000      0x56d src/arm_fft_bin_data.o
 .debug_macro   0x0000056d      0x8b0 src/arm_fft_bin_data.o
 .debug_macro   0x00000e1d      0x16d src/arm_fft_bin_data.o
 .debug_macro   0x00000f8a      0x708 src/arm_fft_bin_data.o
 .debug_macro   0x00001692       0x22 src/arm_fft_bin_data.o
 .debug_macro   0x000016b4       0x87 src/arm_fft_bin_data.o
 .debug_macro   0x0000173b       0x51 src/arm_fft_bin_data.o
 .debug_macro   0x0000178c       0xef src/arm_fft_bin_data.o
 .debug_macro   0x0000187b       0x6a src/arm_fft_bin_data.o
 .debug_macro   0x000018e5      0x1df src/arm_fft_bin_data.o
 .debug_macro   0x00001ac4       0x10 src/arm_fft_bin_data.o
 .debug_macro   0x00001ad4       0x76 src/arm_fft_bin_data.o
 .debug_macro   0x00001b4a       0x16 src/arm_fft_bin_data.o
 .debug_macro   0x00001b60      0x6db src/arm_fft_bin_data.o
 .debug_macro   0x0000223b      0xdd8 src/arm_fft_bin_data.o
 .debug_macro   0x00003013       0x22 src/arm_fft_bin_data.o
 .debug_macro   0x00003035       0x40 src/arm_fft_bin_data.o
 .debug_macro   0x00003075       0x1c src/arm_fft_bin_data.o
 .debug_macro   0x00003091       0x22 src/arm_fft_bin_data.o
 .debug_macro   0x000030b3       0xb5 src/arm_fft_bin_data.o
 .debug_macro   0x00003168      0x3ad src/arm_fft_bin_data.o
 .debug_macro   0x00003515      0x681 src/arm_fft_bin_data.o
 .debug_macro   0x00003b96      0x8b5 src/arm_fft_bin_data.o
 .debug_macro   0x0000444b      0x230 src/arm_fft_bin_data.o
 .debug_macro   0x0000467b      0xd60 src/arm_fft_bin_data.o
 .debug_macro   0x000053db      0x4cb src/arm_fft_bin_data.o
 .debug_macro   0x000058a6      0x9f8 src/arm_fft_bin_data.o
 .debug_macro   0x0000629e      0x82b src/arm_fft_bin_data.o
 .debug_macro   0x00006ac9      0x455 src/arm_fft_bin_data.o
 .debug_macro   0x00006f1e       0x5e src/arm_fft_bin_data.o
 .debug_macro   0x00006f7c      0x8fd src/arm_fft_bin_data.o
 .debug_macro   0x00007879      0x21c src/arm_fft_bin_data.o
 .debug_macro   0x00007a95      0x95b src/arm_fft_bin_data.o
 .debug_macro   0x000083f0       0x5e src/arm_fft_bin_data.o
 .debug_macro   0x0000844e      0x667 src/arm_fft_bin_data.o
 .debug_macro   0x00008ab5      0x3af src/arm_fft_bin_data.o
 .debug_macro   0x00008e64      0xc7a src/arm_fft_bin_data.o
 .debug_macro   0x00009ade     0x1092 src/arm_fft_bin_data.o
 .debug_macro   0x0000ab70      0xc4a src/arm_fft_bin_data.o
 .debug_macro   0x0000b7ba      0x6ba src/arm_fft_bin_data.o
 .debug_macro   0x0000be74     0x1bbf src/arm_fft_bin_data.o
 .debug_macro   0x0000da33     0x1440 src/arm_fft_bin_data.o
 .debug_macro   0x0000ee73      0x344 src/arm_fft_bin_data.o
 .debug_macro   0x0000f1b7       0x7c src/arm_fft_bin_data.o
 .debug_macro   0x0000f233       0xa0 src/arm_fft_bin_data.o
 .debug_macro   0x0000f2d3       0x4c src/arm_fft_bin_data.o
 .debug_macro   0x0000f31f       0xca src/arm_fft_bin_data.o
 .debug_macro   0x0000f3e9       0x94 src/arm_fft_bin_data.o
 .debug_macro   0x0000f47d       0x58 src/arm_fft_bin_data.o
 .debug_macro   0x0000f4d5      0x37d src/arm_fft_bin_data.o
 .debug_macro   0x0000f852       0x82 src/arm_fft_bin_data.o
 .debug_macro   0x0000f8d4      0x18d src/arm_fft_bin_data.o
 .debug_macro   0x0000fa61       0xb8 src/arm_fft_bin_data.o
 .debug_macro   0x0000fb19       0xa0 src/arm_fft_bin_data.o
 .debug_macro   0x0000fbb9       0xb8 src/arm_fft_bin_data.o
 .debug_macro   0x0000fc71       0x1c src/arm_fft_bin_data.o
 .debug_macro   0x0000fc8d       0x1c src/arm_fft_bin_data.o
 .debug_macro   0x0000fca9       0x1c src/arm_fft_bin_data.o
 .debug_macro   0x0000fcc5       0x82 src/arm_fft_bin_data.o
 .debug_macro   0x0000fd47      0x15a src/arm_fft_bin_data.o
 .debug_macro   0x0000fea1       0xdc src/arm_fft_bin_data.o
 .debug_macro   0x0000ff7d      0x128 src/arm_fft_bin_data.o
 .debug_macro   0x000100a5      0x128 src/arm_fft_bin_data.o
 .debug_macro   0x000101cd      0x128 src/arm_fft_bin_data.o
 .debug_macro   0x000102f5      0x128 src/arm_fft_bin_data.o
 .debug_macro   0x0001041d      0x128 src/arm_fft_bin_data.o
 .debug_macro   0x00010545      0x128 src/arm_fft_bin_data.o
 .debug_macro   0x0001066d      0x124 src/arm_fft_bin_data.o
 .debug_macro   0x00010791       0xe2 src/arm_fft_bin_data.o
 .debug_macro   0x00010873       0xe2 src/arm_fft_bin_data.o
 .debug_macro   0x00010955       0xe2 src/arm_fft_bin_data.o
 .debug_macro   0x00010a37       0xe2 src/arm_fft_bin_data.o
 .debug_macro   0x00010b19       0xe2 src/arm_fft_bin_data.o
 .debug_macro   0x00010bfb      0x130 src/arm_fft_bin_data.o
 .debug_macro   0x00010d2b      0x106 src/arm_fft_bin_data.o
 .debug_macro   0x00010e31       0xfa src/arm_fft_bin_data.o
 .debug_macro   0x00010f2b      0x40f src/arm_fft_bin_data.o
 .debug_macro   0x0001133a       0x40 src/arm_fft_bin_data.o
 .debug_macro   0x0001137a      0x37d src/arm_fft_bin_data.o
 .debug_macro   0x000116f7     0x1e52 src/arm_fft_bin_data.o
 .debug_macro   0x00013549       0x6d src/arm_fft_bin_data.o
 .debug_macro   0x000135b6       0x58 src/arm_fft_bin_data.o
 .debug_macro   0x0001360e       0x35 src/arm_fft_bin_data.o
 .debug_macro   0x00013643       0x9c src/arm_fft_bin_data.o
 .debug_macro   0x000136df       0x16 src/arm_fft_bin_data.o
 .debug_macro   0x000136f5       0x35 src/arm_fft_bin_data.o
 .debug_macro   0x0001372a      0x34d src/arm_fft_bin_data.o
 .debug_macro   0x00013a77       0x10 src/arm_fft_bin_data.o
 .debug_macro   0x00013a87       0x58 src/arm_fft_bin_data.o
 .debug_macro   0x00013adf       0x1f src/arm_fft_bin_data.o
 .debug_macro   0x00013afe       0x43 src/arm_fft_bin_data.o
 .debug_macro   0x00013b41       0x20 src/arm_fft_bin_data.o
 .debug_macro   0x00013b61      0x187 src/arm_fft_bin_data.o
 .debug_macro   0x00013ce8       0x10 src/arm_fft_bin_data.o
 .debug_macro   0x00013cf8       0x1c src/arm_fft_bin_data.o
 .debug_macro   0x00013d14       0x52 src/arm_fft_bin_data.o
 .debug_macro   0x00013d66       0x40 src/arm_fft_bin_data.o
 .debug_macro   0x00013da6       0x10 src/arm_fft_bin_data.o
 .debug_macro   0x00013db6       0x40 src/arm_fft_bin_data.o
 .debug_macro   0x00013df6       0xd7 src/arm_fft_bin_data.o
 .debug_macro   0x00013ecd       0x16 src/arm_fft_bin_data.o
 .debug_macro   0x00013ee3      0x18b src/arm_fft_bin_data.o
 .debug_macro   0x0001406e       0x16 src/arm_fft_bin_data.o
 .debug_macro   0x00014084       0x16 src/arm_fft_bin_data.o
 .debug_macro   0x0001409a       0x29 src/arm_fft_bin_data.o
 .debug_macro   0x000140c3       0x51 src/arm_fft_bin_data.o
 .debug_macro   0x00014114       0x3e src/arm_fft_bin_data.o
 .debug_macro   0x00014152      0x3df src/arm_fft_bin_data.o
 .debug_macro   0x00014531       0x12 src/arm_fft_bin_data.o
 .debug_macro   0x00014543       0x12 src/arm_fft_bin_data.o
 .debug_macro   0x00014555       0x16 src/arm_fft_bin_data.o
 .debug_macro   0x0001456b      0x1e1 src/arm_fft_bin_data.o
 .debug_macro   0x0001474c       0xe4 src/arm_fft_bin_data.o
 .debug_macro   0x00014830      0x628 src/arm_fft_bin_example_f32.o
 .debug_macro   0x00014e58      0x2d8 src/arm_fft_bin_example_f32.o
 .debug_macro   0x00015130      0x9f4 src/arm_fft_bin_example_f32.o
 .debug_macro   0x00015b24       0x18 src/arm_fft_bin_example_f32.o
 .debug_macro   0x00015b3c       0x12 src/arm_fft_bin_example_f32.o
 .debug_macro   0x00015b4e       0x11 src/arm_fft_bin_example_f32.o
 .debug_macro   0x00015b5f       0x16 src/arm_fft_bin_example_f32.o
 .debug_macro   0x00015b75       0x2e src/arm_fft_bin_example_f32.o
 .debug_macro   0x00015ba3       0x7c src/arm_fft_bin_example_f32.o
 .debug_macro   0x00015c1f      0x306 src/ASF/sam0/utils/cmsis/samd21/source/gcc/startup_samd21.o
 .debug_macro   0x00015f25       0x3a src/ASF/sam0/utils/cmsis/samd21/source/gcc/startup_samd21.o

.debug_line     0x00000000     0x31a0
 .debug_line    0x00000000      0x8cf src/arm_fft_bin_data.o
 .debug_line    0x000008cf      0xbda src/arm_fft_bin_example_f32.o
 .debug_line    0x000014a9      0x669 src/ASF/sam0/utils/cmsis/samd21/source/gcc/startup_samd21.o
 .debug_line    0x00001b12      0x140 ../src/ASF/thirdparty/CMSIS/Lib/GCC\libarm_cortexM0l_math.a(arm_const_structs.o)
 .debug_line    0x00001c52      0x129 ../src/ASF/thirdparty/CMSIS/Lib/GCC\libarm_cortexM0l_math.a(arm_common_tables.o)
 .debug_line    0x00001d7b      0x155 ../src/ASF/thirdparty/CMSIS/Lib/GCC\libarm_cortexM0l_math.a(arm_max_f32.o)
 .debug_line    0x00001ed0      0x887 ../src/ASF/thirdparty/CMSIS/Lib/GCC\libarm_cortexM0l_math.a(arm_cfft_f32.o)
 .debug_line    0x00002757      0x195 ../src/ASF/thirdparty/CMSIS/Lib/GCC\libarm_cortexM0l_math.a(arm_cmplx_mag_f32.o)
 .debug_line    0x000028ec       0x80 ../src/ASF/thirdparty/CMSIS/Lib/GCC\libarm_cortexM0l_math.a(arm_bitreversal2.o)
 .debug_line    0x0000296c      0x834 ../src/ASF/thirdparty/CMSIS/Lib/GCC\libarm_cortexM0l_math.a(arm_cfft_radix8_f32.o)

.debug_str      0x00000000    0x8a49b
 .debug_str     0x00000000    0x842e5 src/arm_fft_bin_data.o
                              0x84beb (size before relaxing)
 .debug_str     0x000842e5     0x4dec src/arm_fft_bin_example_f32.o
                              0x89a1a (size before relaxing)
 .debug_str     0x000890d1     0x10a7 src/ASF/sam0/utils/cmsis/samd21/source/gcc/startup_samd21.o
                              0x6edc0 (size before relaxing)
 .debug_str     0x0008a178      0x100 ../src/ASF/thirdparty/CMSIS/Lib/GCC\libarm_cortexM0l_math.a(arm_const_structs.o)
                                0x8a7 (size before relaxing)
 .debug_str     0x0008a278       0x24 ../src/ASF/thirdparty/CMSIS/Lib/GCC\libarm_cortexM0l_math.a(arm_common_tables.o)
                                0x6cf (size before relaxing)
 .debug_str     0x0008a29c       0x56 ../src/ASF/thirdparty/CMSIS/Lib/GCC\libarm_cortexM0l_math.a(arm_max_f32.o)
                                0x20c (size before relaxing)
 .debug_str     0x0008a2f2      0x104 ../src/ASF/thirdparty/CMSIS/Lib/GCC\libarm_cortexM0l_math.a(arm_cfft_f32.o)
                                0x32a (size before relaxing)
 .debug_str     0x0008a3f6       0x62 ../src/ASF/thirdparty/CMSIS/Lib/GCC\libarm_cortexM0l_math.a(arm_cmplx_mag_f32.o)
                                0x2b7 (size before relaxing)
 .debug_str     0x0008a458       0x43 ../src/ASF/thirdparty/CMSIS/Lib/GCC\libarm_cortexM0l_math.a(arm_cfft_radix8_f32.o)
                                0x221 (size before relaxing)

.debug_loc      0x00000000     0x2d7b
 .debug_loc     0x00000000       0x40 src/arm_fft_bin_example_f32.o
 .debug_loc     0x00000040       0x40 src/ASF/sam0/utils/cmsis/samd21/source/gcc/startup_samd21.o
 .debug_loc     0x00000080      0x19f ../src/ASF/thirdparty/CMSIS/Lib/GCC\libarm_cortexM0l_math.a(arm_max_f32.o)
 .debug_loc     0x0000021f     0x1908 ../src/ASF/thirdparty/CMSIS/Lib/GCC\libarm_cortexM0l_math.a(arm_cfft_f32.o)
 .debug_loc     0x00001b27      0x164 ../src/ASF/thirdparty/CMSIS/Lib/GCC\libarm_cortexM0l_math.a(arm_cmplx_mag_f32.o)
 .debug_loc     0x00001c8b     0x10f0 ../src/ASF/thirdparty/CMSIS/Lib/GCC\libarm_cortexM0l_math.a(arm_cfft_radix8_f32.o)

.debug_ranges   0x00000000       0xa8
 .debug_ranges  0x00000000       0x10 src/arm_fft_bin_example_f32.o
 .debug_ranges  0x00000010       0x18 src/ASF/sam0/utils/cmsis/samd21/source/gcc/startup_samd21.o
 .debug_ranges  0x00000028       0x10 ../src/ASF/thirdparty/CMSIS/Lib/GCC\libarm_cortexM0l_math.a(arm_max_f32.o)
 .debug_ranges  0x00000038       0x20 ../src/ASF/thirdparty/CMSIS/Lib/GCC\libarm_cortexM0l_math.a(arm_cfft_f32.o)
 .debug_ranges  0x00000058       0x40 ../src/ASF/thirdparty/CMSIS/Lib/GCC\libarm_cortexM0l_math.a(arm_cmplx_mag_f32.o)
 .debug_ranges  0x00000098       0x10 ../src/ASF/thirdparty/CMSIS/Lib/GCC\libarm_cortexM0l_math.a(arm_cfft_radix8_f32.o)

.debug_frame    0x00000000      0x4e8
 .debug_frame   0x00000000       0x30 src/arm_fft_bin_example_f32.o
 .debug_frame   0x00000030       0x40 src/ASF/sam0/utils/cmsis/samd21/source/gcc/startup_samd21.o
 .debug_frame   0x00000070       0x3c ../src/ASF/thirdparty/CMSIS/Lib/GCC\libarm_cortexM0l_math.a(arm_max_f32.o)
 .debug_frame   0x000000ac       0x90 ../src/ASF/thirdparty/CMSIS/Lib/GCC\libarm_cortexM0l_math.a(arm_cfft_f32.o)
 .debug_frame   0x0000013c       0x38 ../src/ASF/thirdparty/CMSIS/Lib/GCC\libarm_cortexM0l_math.a(arm_cmplx_mag_f32.o)
 .debug_frame   0x00000174       0x3c ../src/ASF/thirdparty/CMSIS/Lib/GCC\libarm_cortexM0l_math.a(arm_cfft_radix8_f32.o)
 .debug_frame   0x000001b0       0x30 c:/program files (x86)/atmel/studio/7.0/toolchain/arm/arm-gnu-toolchain/bin/../lib/gcc/arm-none-eabi/6.3.1/../../../../arm-none-eabi/lib/thumb/v6-m\libm.a(lib_a-wf_sqrt.o)
 .debug_frame   0x000001e0       0x2c c:/program files (x86)/atmel/studio/7.0/toolchain/arm/arm-gnu-toolchain/bin/../lib/gcc/arm-none-eabi/6.3.1/../../../../arm-none-eabi/lib/thumb/v6-m\libm.a(lib_a-ef_sqrt.o)
 .debug_frame   0x0000020c       0x20 c:/program files (x86)/atmel/studio/7.0/toolchain/arm/arm-gnu-toolchain/bin/../lib/gcc/arm-none-eabi/6.3.1/../../../../arm-none-eabi/lib/thumb/v6-m\libm.a(lib_a-s_matherr.o)
 .debug_frame   0x0000022c       0x20 c:/program files (x86)/atmel/studio/7.0/toolchain/arm/arm-gnu-toolchain/bin/../lib/gcc/arm-none-eabi/6.3.1/thumb/v6-m\libgcc.a(_udivsi3.o)
 .debug_frame   0x0000024c       0x34 c:/program files (x86)/atmel/studio/7.0/toolchain/arm/arm-gnu-toolchain/bin/../lib/gcc/arm-none-eabi/6.3.1/thumb/v6-m\libgcc.a(addsf3.o)
 .debug_frame   0x00000280       0x3c c:/program files (x86)/atmel/studio/7.0/toolchain/arm/arm-gnu-toolchain/bin/../lib/gcc/arm-none-eabi/6.3.1/thumb/v6-m\libgcc.a(divsf3.o)
 .debug_frame   0x000002bc       0x2c c:/program files (x86)/atmel/studio/7.0/toolchain/arm/arm-gnu-toolchain/bin/../lib/gcc/arm-none-eabi/6.3.1/thumb/v6-m\libgcc.a(eqsf2.o)
 .debug_frame   0x000002e8       0x30 c:/program files (x86)/atmel/studio/7.0/toolchain/arm/arm-gnu-toolchain/bin/../lib/gcc/arm-none-eabi/6.3.1/thumb/v6-m\libgcc.a(gesf2.o)
 .debug_frame   0x00000318       0x30 c:/program files (x86)/atmel/studio/7.0/toolchain/arm/arm-gnu-toolchain/bin/../lib/gcc/arm-none-eabi/6.3.1/thumb/v6-m\libgcc.a(lesf2.o)
 .debug_frame   0x00000348       0x3c c:/program files (x86)/atmel/studio/7.0/toolchain/arm/arm-gnu-toolchain/bin/../lib/gcc/arm-none-eabi/6.3.1/thumb/v6-m\libgcc.a(mulsf3.o)
 .debug_frame   0x00000384       0x38 c:/program files (x86)/atmel/studio/7.0/toolchain/arm/arm-gnu-toolchain/bin/../lib/gcc/arm-none-eabi/6.3.1/thumb/v6-m\libgcc.a(subsf3.o)
 .debug_frame   0x000003bc       0x20 c:/program files (x86)/atmel/studio/7.0/toolchain/arm/arm-gnu-toolchain/bin/../lib/gcc/arm-none-eabi/6.3.1/thumb/v6-m\libgcc.a(unordsf2.o)
 .debug_frame   0x000003dc       0x28 c:/program files (x86)/atmel/studio/7.0/toolchain/arm/arm-gnu-toolchain/bin/../lib/gcc/arm-none-eabi/6.3.1/thumb/v6-m\libgcc.a(floatunsisf.o)
 .debug_frame   0x00000404       0x3c c:/program files (x86)/atmel/studio/7.0/toolchain/arm/arm-gnu-toolchain/bin/../lib/gcc/arm-none-eabi/6.3.1/thumb/v6-m\libgcc.a(divdf3.o)
 .debug_frame   0x00000440       0x2c c:/program files (x86)/atmel/studio/7.0/toolchain/arm/arm-gnu-toolchain/bin/../lib/gcc/arm-none-eabi/6.3.1/thumb/v6-m\libgcc.a(extendsfdf2.o)
 .debug_frame   0x0000046c       0x30 c:/program files (x86)/atmel/studio/7.0/toolchain/arm/arm-gnu-toolchain/bin/../lib/gcc/arm-none-eabi/6.3.1/thumb/v6-m\libgcc.a(truncdfsf2.o)
 .debug_frame   0x0000049c       0x20 c:/program files (x86)/atmel/studio/7.0/toolchain/arm/arm-gnu-toolchain/bin/../lib/gcc/arm-none-eabi/6.3.1/../../../../arm-none-eabi/lib/thumb/v6-m\libc_nano.a(lib_a-errno.o)
 .debug_frame   0x000004bc       0x2c c:/program files (x86)/atmel/studio/7.0/toolchain/arm/arm-gnu-toolchain/bin/../lib/gcc/arm-none-eabi/6.3.1/../../../../arm-none-eabi/lib/thumb/v6-m\libc_nano.a(lib_a-init.o)

Cross Reference Table

Symbol                                            File
AC_Handler                                        src/ASF/sam0/utils/cmsis/samd21/source/gcc/startup_samd21.o
ADC_Handler                                       src/ASF/sam0/utils/cmsis/samd21/source/gcc/startup_samd21.o
DAC_Handler                                       src/ASF/sam0/utils/cmsis/samd21/source/gcc/startup_samd21.o
DMAC_Handler                                      src/ASF/sam0/utils/cmsis/samd21/source/gcc/startup_samd21.o
Dummy_Handler                                     src/ASF/sam0/utils/cmsis/samd21/source/gcc/startup_samd21.o
EIC_Handler                                       src/ASF/sam0/utils/cmsis/samd21/source/gcc/startup_samd21.o
EVSYS_Handler                                     src/ASF/sam0/utils/cmsis/samd21/source/gcc/startup_samd21.o
HardFault_Handler                                 src/ASF/sam0/utils/cmsis/samd21/source/gcc/startup_samd21.o
I2S_Handler                                       src/ASF/sam0/utils/cmsis/samd21/source/gcc/startup_samd21.o
NMI_Handler                                       src/ASF/sam0/utils/cmsis/samd21/source/gcc/startup_samd21.o
NVMCTRL_Handler                                   src/ASF/sam0/utils/cmsis/samd21/source/gcc/startup_samd21.o
PM_Handler                                        src/ASF/sam0/utils/cmsis/samd21/source/gcc/startup_samd21.o
PTC_Handler                                       src/ASF/sam0/utils/cmsis/samd21/source/gcc/startup_samd21.o
PendSV_Handler                                    src/ASF/sam0/utils/cmsis/samd21/source/gcc/startup_samd21.o
RTC_Handler                                       src/ASF/sam0/utils/cmsis/samd21/source/gcc/startup_samd21.o
Reset_Handler                                     src/ASF/sam0/utils/cmsis/samd21/source/gcc/startup_samd21.o
SERCOM0_Handler                                   src/ASF/sam0/utils/cmsis/samd21/source/gcc/startup_samd21.o
SERCOM1_Handler                                   src/ASF/sam0/utils/cmsis/samd21/source/gcc/startup_samd21.o
SERCOM2_Handler                                   src/ASF/sam0/utils/cmsis/samd21/source/gcc/startup_samd21.o
SERCOM3_Handler                                   src/ASF/sam0/utils/cmsis/samd21/source/gcc/startup_samd21.o
SERCOM4_Handler                                   src/ASF/sam0/utils/cmsis/samd21/source/gcc/startup_samd21.o
SERCOM5_Handler                                   src/ASF/sam0/utils/cmsis/samd21/source/gcc/startup_samd21.o
SVC_Handler                                       src/ASF/sam0/utils/cmsis/samd21/source/gcc/startup_samd21.o
SYSCTRL_Handler                                   src/ASF/sam0/utils/cmsis/samd21/source/gcc/startup_samd21.o
SysTick_Handler                                   src/ASF/sam0/utils/cmsis/samd21/source/gcc/startup_samd21.o
SystemCoreClock                                   src/ASF/sam0/utils/cmsis/samd21/source/system_samd21.o
SystemCoreClockUpdate                             src/ASF/sam0/utils/cmsis/samd21/source/system_samd21.o
SystemInit                                        src/ASF/sam0/utils/cmsis/samd21/source/system_samd21.o
TC3_Handler                                       src/ASF/sam0/utils/cmsis/samd21/source/gcc/startup_samd21.o
TC4_Handler                                       src/ASF/sam0/utils/cmsis/samd21/source/gcc/startup_samd21.o
TC5_Handler                                       src/ASF/sam0/utils/cmsis/samd21/source/gcc/startup_samd21.o
TC6_Handler                                       src/ASF/sam0/utils/cmsis/samd21/source/gcc/startup_samd21.o
TC7_Handler                                       src/ASF/sam0/utils/cmsis/samd21/source/gcc/startup_samd21.o
TCC0_Handler                                      src/ASF/sam0/utils/cmsis/samd21/source/gcc/startup_samd21.o
TCC1_Handler                                      src/ASF/sam0/utils/cmsis/samd21/source/gcc/startup_samd21.o
TCC2_Handler                                      src/ASF/sam0/utils/cmsis/samd21/source/gcc/startup_samd21.o
USB_Handler                                       src/ASF/sam0/utils/cmsis/samd21/source/gcc/startup_samd21.o
WDT_Handler                                       src/ASF/sam0/utils/cmsis/samd21/source/gcc/startup_samd21.o
_Jv_RegisterClasses                               c:/program files (x86)/atmel/studio/7.0/toolchain/arm/arm-gnu-toolchain/bin/../lib/gcc/arm-none-eabi/6.3.1/thumb/v6-m/crtbegin.o
__aeabi_cfcmpeq                                   c:/program files (x86)/atmel/studio/7.0/toolchain/arm/arm-gnu-toolchain/bin/../lib/gcc/arm-none-eabi/6.3.1/thumb/v6-m\libgcc.a(_arm_cmpsf2.o)
__aeabi_cfcmple                                   c:/program files (x86)/atmel/studio/7.0/toolchain/arm/arm-gnu-toolchain/bin/../lib/gcc/arm-none-eabi/6.3.1/thumb/v6-m\libgcc.a(_arm_cmpsf2.o)
__aeabi_cfrcmple                                  c:/program files (x86)/atmel/studio/7.0/toolchain/arm/arm-gnu-toolchain/bin/../lib/gcc/arm-none-eabi/6.3.1/thumb/v6-m\libgcc.a(_arm_cmpsf2.o)
__aeabi_d2f                                       c:/program files (x86)/atmel/studio/7.0/toolchain/arm/arm-gnu-toolchain/bin/../lib/gcc/arm-none-eabi/6.3.1/thumb/v6-m\libgcc.a(truncdfsf2.o)
                                                  c:/program files (x86)/atmel/studio/7.0/toolchain/arm/arm-gnu-toolchain/bin/../lib/gcc/arm-none-eabi/6.3.1/../../../../arm-none-eabi/lib/thumb/v6-m\libm.a(lib_a-wf_sqrt.o)
__aeabi_ddiv                                      c:/program files (x86)/atmel/studio/7.0/toolchain/arm/arm-gnu-toolchain/bin/../lib/gcc/arm-none-eabi/6.3.1/thumb/v6-m\libgcc.a(divdf3.o)
                                                  c:/program files (x86)/atmel/studio/7.0/toolchain/arm/arm-gnu-toolchain/bin/../lib/gcc/arm-none-eabi/6.3.1/../../../../arm-none-eabi/lib/thumb/v6-m\libm.a(lib_a-wf_sqrt.o)
__aeabi_f2d                                       c:/program files (x86)/atmel/studio/7.0/toolchain/arm/arm-gnu-toolchain/bin/../lib/gcc/arm-none-eabi/6.3.1/thumb/v6-m\libgcc.a(extendsfdf2.o)
                                                  c:/program files (x86)/atmel/studio/7.0/toolchain/arm/arm-gnu-toolchain/bin/../lib/gcc/arm-none-eabi/6.3.1/../../../../arm-none-eabi/lib/thumb/v6-m\libm.a(lib_a-wf_sqrt.o)
__aeabi_fadd                                      c:/program files (x86)/atmel/studio/7.0/toolchain/arm/arm-gnu-toolchain/bin/../lib/gcc/arm-none-eabi/6.3.1/thumb/v6-m\libgcc.a(addsf3.o)
                                                  c:/program files (x86)/atmel/studio/7.0/toolchain/arm/arm-gnu-toolchain/bin/../lib/gcc/arm-none-eabi/6.3.1/../../../../arm-none-eabi/lib/thumb/v6-m\libm.a(lib_a-ef_sqrt.o)
                                                  ../src/ASF/thirdparty/CMSIS/Lib/GCC\libarm_cortexM0l_math.a(arm_cfft_radix8_f32.o)
                                                  ../src/ASF/thirdparty/CMSIS/Lib/GCC\libarm_cortexM0l_math.a(arm_cmplx_mag_f32.o)
                                                  ../src/ASF/thirdparty/CMSIS/Lib/GCC\libarm_cortexM0l_math.a(arm_cfft_f32.o)
__aeabi_fcmpeq                                    c:/program files (x86)/atmel/studio/7.0/toolchain/arm/arm-gnu-toolchain/bin/../lib/gcc/arm-none-eabi/6.3.1/thumb/v6-m\libgcc.a(_arm_cmpsf2.o)
__aeabi_fcmpge                                    c:/program files (x86)/atmel/studio/7.0/toolchain/arm/arm-gnu-toolchain/bin/../lib/gcc/arm-none-eabi/6.3.1/thumb/v6-m\libgcc.a(_arm_cmpsf2.o)
__aeabi_fcmpgt                                    c:/program files (x86)/atmel/studio/7.0/toolchain/arm/arm-gnu-toolchain/bin/../lib/gcc/arm-none-eabi/6.3.1/thumb/v6-m\libgcc.a(_arm_cmpsf2.o)
                                                  ../src/ASF/thirdparty/CMSIS/Lib/GCC\libarm_cortexM0l_math.a(arm_cmplx_mag_f32.o)
                                                  ../src/ASF/thirdparty/CMSIS/Lib/GCC\libarm_cortexM0l_math.a(arm_max_f32.o)
__aeabi_fcmple                                    c:/program files (x86)/atmel/studio/7.0/toolchain/arm/arm-gnu-toolchain/bin/../lib/gcc/arm-none-eabi/6.3.1/thumb/v6-m\libgcc.a(_arm_cmpsf2.o)
__aeabi_fcmplt                                    c:/program files (x86)/atmel/studio/7.0/toolchain/arm/arm-gnu-toolchain/bin/../lib/gcc/arm-none-eabi/6.3.1/thumb/v6-m\libgcc.a(_arm_cmpsf2.o)
                                                  c:/program files (x86)/atmel/studio/7.0/toolchain/arm/arm-gnu-toolchain/bin/../lib/gcc/arm-none-eabi/6.3.1/../../../../arm-none-eabi/lib/thumb/v6-m\libm.a(lib_a-wf_sqrt.o)
__aeabi_fcmpun                                    c:/program files (x86)/atmel/studio/7.0/toolchain/arm/arm-gnu-toolchain/bin/../lib/gcc/arm-none-eabi/6.3.1/thumb/v6-m\libgcc.a(unordsf2.o)
                                                  c:/program files (x86)/atmel/studio/7.0/toolchain/arm/arm-gnu-toolchain/bin/../lib/gcc/arm-none-eabi/6.3.1/../../../../arm-none-eabi/lib/thumb/v6-m\libm.a(lib_a-wf_sqrt.o)
__aeabi_fdiv                                      c:/program files (x86)/atmel/studio/7.0/toolchain/arm/arm-gnu-toolchain/bin/../lib/gcc/arm-none-eabi/6.3.1/thumb/v6-m\libgcc.a(divsf3.o)
                                                  c:/program files (x86)/atmel/studio/7.0/toolchain/arm/arm-gnu-toolchain/bin/../lib/gcc/arm-none-eabi/6.3.1/../../../../arm-none-eabi/lib/thumb/v6-m\libm.a(lib_a-ef_sqrt.o)
                                                  ../src/ASF/thirdparty/CMSIS/Lib/GCC\libarm_cortexM0l_math.a(arm_cfft_f32.o)
__aeabi_fmul                                      c:/program files (x86)/atmel/studio/7.0/toolchain/arm/arm-gnu-toolchain/bin/../lib/gcc/arm-none-eabi/6.3.1/thumb/v6-m\libgcc.a(mulsf3.o)
                                                  c:/program files (x86)/atmel/studio/7.0/toolchain/arm/arm-gnu-toolchain/bin/../lib/gcc/arm-none-eabi/6.3.1/../../../../arm-none-eabi/lib/thumb/v6-m\libm.a(lib_a-ef_sqrt.o)
                                                  ../src/ASF/thirdparty/CMSIS/Lib/GCC\libarm_cortexM0l_math.a(arm_cfft_radix8_f32.o)
                                                  ../src/ASF/thirdparty/CMSIS/Lib/GCC\libarm_cortexM0l_math.a(arm_cmplx_mag_f32.o)
                                                  ../src/ASF/thirdparty/CMSIS/Lib/GCC\libarm_cortexM0l_math.a(arm_cfft_f32.o)
__aeabi_fsub                                      c:/program files (x86)/atmel/studio/7.0/toolchain/arm/arm-gnu-toolchain/bin/../lib/gcc/arm-none-eabi/6.3.1/thumb/v6-m\libgcc.a(subsf3.o)
                                                  c:/program files (x86)/atmel/studio/7.0/toolchain/arm/arm-gnu-toolchain/bin/../lib/gcc/arm-none-eabi/6.3.1/../../../../arm-none-eabi/lib/thumb/v6-m\libm.a(lib_a-ef_sqrt.o)
                                                  ../src/ASF/thirdparty/CMSIS/Lib/GCC\libarm_cortexM0l_math.a(arm_cfft_radix8_f32.o)
                                                  ../src/ASF/thirdparty/CMSIS/Lib/GCC\libarm_cortexM0l_math.a(arm_cfft_f32.o)
__aeabi_idiv0                                     c:/program files (x86)/atmel/studio/7.0/toolchain/arm/arm-gnu-toolchain/bin/../lib/gcc/arm-none-eabi/6.3.1/thumb/v6-m\libgcc.a(_dvmd_tls.o)
                                                  c:/program files (x86)/atmel/studio/7.0/toolchain/arm/arm-gnu-toolchain/bin/../lib/gcc/arm-none-eabi/6.3.1/thumb/v6-m\libgcc.a(_udivsi3.o)
__aeabi_ldiv0                                     c:/program files (x86)/atmel/studio/7.0/toolchain/arm/arm-gnu-toolchain/bin/../lib/gcc/arm-none-eabi/6.3.1/thumb/v6-m\libgcc.a(_dvmd_tls.o)
__aeabi_ui2f                                      c:/program files (x86)/atmel/studio/7.0/toolchain/arm/arm-gnu-toolchain/bin/../lib/gcc/arm-none-eabi/6.3.1/thumb/v6-m\libgcc.a(floatunsisf.o)
                                                  ../src/ASF/thirdparty/CMSIS/Lib/GCC\libarm_cortexM0l_math.a(arm_cfft_f32.o)
__aeabi_uidiv                                     c:/program files (x86)/atmel/studio/7.0/toolchain/arm/arm-gnu-toolchain/bin/../lib/gcc/arm-none-eabi/6.3.1/thumb/v6-m\libgcc.a(_udivsi3.o)
                                                  c:/program files (x86)/atmel/studio/7.0/toolchain/arm/arm-gnu-toolchain/bin/../lib/gcc/arm-none-eabi/6.3.1/thumb/v6-m\libgcc.a(divdf3.o)
                                                  src/ASF/sam0/drivers/system/clock/clock_samd21_r21_da_ha1/gclk.o
                                                  src/ASF/sam0/drivers/system/clock/clock_samd21_r21_da_ha1/clock.o
__aeabi_uidivmod                                  c:/program files (x86)/atmel/studio/7.0/toolchain/arm/arm-gnu-toolchain/bin/../lib/gcc/arm-none-eabi/6.3.1/thumb/v6-m\libgcc.a(_udivsi3.o)
                                                  c:/program files (x86)/atmel/studio/7.0/toolchain/arm/arm-gnu-toolchain/bin/../lib/gcc/arm-none-eabi/6.3.1/thumb/v6-m\libgcc.a(divdf3.o)
__bss_end__                                       c:/program files (x86)/atmel/studio/7.0/toolchain/arm/arm-gnu-toolchain/bin/../lib/gcc/arm-none-eabi/6.3.1/../../../../arm-none-eabi/lib/thumb/v6-m/crt0.o
__bss_start__                                     c:/program files (x86)/atmel/studio/7.0/toolchain/arm/arm-gnu-toolchain/bin/../lib/gcc/arm-none-eabi/6.3.1/../../../../arm-none-eabi/lib/thumb/v6-m/crt0.o
__call_exitprocs                                  c:/program files (x86)/atmel/studio/7.0/toolchain/arm/arm-gnu-toolchain/bin/../lib/gcc/arm-none-eabi/6.3.1/../../../../arm-none-eabi/lib/thumb/v6-m\libc_nano.a(lib_a-exit.o)
__clzsi2                                          c:/program files (x86)/atmel/studio/7.0/toolchain/arm/arm-gnu-toolchain/bin/../lib/gcc/arm-none-eabi/6.3.1/thumb/v6-m\libgcc.a(_clzsi2.o)
                                                  c:/program files (x86)/atmel/studio/7.0/toolchain/arm/arm-gnu-toolchain/bin/../lib/gcc/arm-none-eabi/6.3.1/thumb/v6-m\libgcc.a(extendsfdf2.o)
                                                  c:/program files (x86)/atmel/studio/7.0/toolchain/arm/arm-gnu-toolchain/bin/../lib/gcc/arm-none-eabi/6.3.1/thumb/v6-m\libgcc.a(divdf3.o)
                                                  c:/program files (x86)/atmel/studio/7.0/toolchain/arm/arm-gnu-toolchain/bin/../lib/gcc/arm-none-eabi/6.3.1/thumb/v6-m\libgcc.a(floatunsisf.o)
                                                  c:/program files (x86)/atmel/studio/7.0/toolchain/arm/arm-gnu-toolchain/bin/../lib/gcc/arm-none-eabi/6.3.1/thumb/v6-m\libgcc.a(subsf3.o)
                                                  c:/program files (x86)/atmel/studio/7.0/toolchain/arm/arm-gnu-toolchain/bin/../lib/gcc/arm-none-eabi/6.3.1/thumb/v6-m\libgcc.a(mulsf3.o)
                                                  c:/program files (x86)/atmel/studio/7.0/toolchain/arm/arm-gnu-toolchain/bin/../lib/gcc/arm-none-eabi/6.3.1/thumb/v6-m\libgcc.a(divsf3.o)
                                                  c:/program files (x86)/atmel/studio/7.0/toolchain/arm/arm-gnu-toolchain/bin/../lib/gcc/arm-none-eabi/6.3.1/thumb/v6-m\libgcc.a(addsf3.o)
__deregister_frame_info                           c:/program files (x86)/atmel/studio/7.0/toolchain/arm/arm-gnu-toolchain/bin/../lib/gcc/arm-none-eabi/6.3.1/thumb/v6-m/crtbegin.o
__dso_handle                                      c:/program files (x86)/atmel/studio/7.0/toolchain/arm/arm-gnu-toolchain/bin/../lib/gcc/arm-none-eabi/6.3.1/thumb/v6-m/crtbegin.o
__eqsf2                                           c:/program files (x86)/atmel/studio/7.0/toolchain/arm/arm-gnu-toolchain/bin/../lib/gcc/arm-none-eabi/6.3.1/thumb/v6-m\libgcc.a(eqsf2.o)
                                                  c:/program files (x86)/atmel/studio/7.0/toolchain/arm/arm-gnu-toolchain/bin/../lib/gcc/arm-none-eabi/6.3.1/thumb/v6-m\libgcc.a(_arm_cmpsf2.o)
__errno                                           c:/program files (x86)/atmel/studio/7.0/toolchain/arm/arm-gnu-toolchain/bin/../lib/gcc/arm-none-eabi/6.3.1/../../../../arm-none-eabi/lib/thumb/v6-m\libc_nano.a(lib_a-errno.o)
                                                  c:/program files (x86)/atmel/studio/7.0/toolchain/arm/arm-gnu-toolchain/bin/../lib/gcc/arm-none-eabi/6.3.1/../../../../arm-none-eabi/lib/thumb/v6-m\libm.a(lib_a-wf_sqrt.o)
__fdlib_version                                   c:/program files (x86)/atmel/studio/7.0/toolchain/arm/arm-gnu-toolchain/bin/../lib/gcc/arm-none-eabi/6.3.1/../../../../arm-none-eabi/lib/thumb/v6-m\libm.a(lib_a-s_lib_ver.o)
                                                  c:/program files (x86)/atmel/studio/7.0/toolchain/arm/arm-gnu-toolchain/bin/../lib/gcc/arm-none-eabi/6.3.1/../../../../arm-none-eabi/lib/thumb/v6-m\libm.a(lib_a-wf_sqrt.o)
__gesf2                                           c:/program files (x86)/atmel/studio/7.0/toolchain/arm/arm-gnu-toolchain/bin/../lib/gcc/arm-none-eabi/6.3.1/thumb/v6-m\libgcc.a(gesf2.o)
                                                  c:/program files (x86)/atmel/studio/7.0/toolchain/arm/arm-gnu-toolchain/bin/../lib/gcc/arm-none-eabi/6.3.1/thumb/v6-m\libgcc.a(_arm_cmpsf2.o)
__gtsf2                                           c:/program files (x86)/atmel/studio/7.0/toolchain/arm/arm-gnu-toolchain/bin/../lib/gcc/arm-none-eabi/6.3.1/thumb/v6-m\libgcc.a(gesf2.o)
__ieee754_sqrtf                                   c:/program files (x86)/atmel/studio/7.0/toolchain/arm/arm-gnu-toolchain/bin/../lib/gcc/arm-none-eabi/6.3.1/../../../../arm-none-eabi/lib/thumb/v6-m\libm.a(lib_a-ef_sqrt.o)
                                                  c:/program files (x86)/atmel/studio/7.0/toolchain/arm/arm-gnu-toolchain/bin/../lib/gcc/arm-none-eabi/6.3.1/../../../../arm-none-eabi/lib/thumb/v6-m\libm.a(lib_a-wf_sqrt.o)
__init_array_end                                  c:/program files (x86)/atmel/studio/7.0/toolchain/arm/arm-gnu-toolchain/bin/../lib/gcc/arm-none-eabi/6.3.1/../../../../arm-none-eabi/lib/thumb/v6-m\libc_nano.a(lib_a-init.o)
__init_array_start                                c:/program files (x86)/atmel/studio/7.0/toolchain/arm/arm-gnu-toolchain/bin/../lib/gcc/arm-none-eabi/6.3.1/../../../../arm-none-eabi/lib/thumb/v6-m\libc_nano.a(lib_a-init.o)
__lesf2                                           c:/program files (x86)/atmel/studio/7.0/toolchain/arm/arm-gnu-toolchain/bin/../lib/gcc/arm-none-eabi/6.3.1/thumb/v6-m\libgcc.a(lesf2.o)
                                                  c:/program files (x86)/atmel/studio/7.0/toolchain/arm/arm-gnu-toolchain/bin/../lib/gcc/arm-none-eabi/6.3.1/thumb/v6-m\libgcc.a(_arm_cmpsf2.o)
__libc_fini_array                                 c:/program files (x86)/atmel/studio/7.0/toolchain/arm/arm-gnu-toolchain/bin/../lib/gcc/arm-none-eabi/6.3.1/../../../../arm-none-eabi/lib/thumb/v6-m/crt0.o
__libc_init_array                                 c:/program files (x86)/atmel/studio/7.0/toolchain/arm/arm-gnu-toolchain/bin/../lib/gcc/arm-none-eabi/6.3.1/../../../../arm-none-eabi/lib/thumb/v6-m\libc_nano.a(lib_a-init.o)
                                                  src/ASF/sam0/utils/cmsis/samd21/source/gcc/startup_samd21.o
                                                  c:/program files (x86)/atmel/studio/7.0/toolchain/arm/arm-gnu-toolchain/bin/../lib/gcc/arm-none-eabi/6.3.1/../../../../arm-none-eabi/lib/thumb/v6-m/crt0.o
__ltsf2                                           c:/program files (x86)/atmel/studio/7.0/toolchain/arm/arm-gnu-toolchain/bin/../lib/gcc/arm-none-eabi/6.3.1/thumb/v6-m\libgcc.a(lesf2.o)
__nesf2                                           c:/program files (x86)/atmel/studio/7.0/toolchain/arm/arm-gnu-toolchain/bin/../lib/gcc/arm-none-eabi/6.3.1/thumb/v6-m\libgcc.a(eqsf2.o)
__preinit_array_end                               c:/program files (x86)/atmel/studio/7.0/toolchain/arm/arm-gnu-toolchain/bin/../lib/gcc/arm-none-eabi/6.3.1/../../../../arm-none-eabi/lib/thumb/v6-m\libc_nano.a(lib_a-init.o)
__preinit_array_start                             c:/program files (x86)/atmel/studio/7.0/toolchain/arm/arm-gnu-toolchain/bin/../lib/gcc/arm-none-eabi/6.3.1/../../../../arm-none-eabi/lib/thumb/v6-m\libc_nano.a(lib_a-init.o)
__register_frame_info                             c:/program files (x86)/atmel/studio/7.0/toolchain/arm/arm-gnu-toolchain/bin/../lib/gcc/arm-none-eabi/6.3.1/thumb/v6-m/crtbegin.o
__sf_fake_stderr                                  c:/program files (x86)/atmel/studio/7.0/toolchain/arm/arm-gnu-toolchain/bin/../lib/gcc/arm-none-eabi/6.3.1/../../../../arm-none-eabi/lib/thumb/v6-m\libc_nano.a(lib_a-impure.o)
__sf_fake_stdin                                   c:/program files (x86)/atmel/studio/7.0/toolchain/arm/arm-gnu-toolchain/bin/../lib/gcc/arm-none-eabi/6.3.1/../../../../arm-none-eabi/lib/thumb/v6-m\libc_nano.a(lib_a-impure.o)
__sf_fake_stdout                                  c:/program files (x86)/atmel/studio/7.0/toolchain/arm/arm-gnu-toolchain/bin/../lib/gcc/arm-none-eabi/6.3.1/../../../../arm-none-eabi/lib/thumb/v6-m\libc_nano.a(lib_a-impure.o)
__stack                                           c:/program files (x86)/atmel/studio/7.0/toolchain/arm/arm-gnu-toolchain/bin/../lib/gcc/arm-none-eabi/6.3.1/../../../../arm-none-eabi/lib/thumb/v6-m/crt0.o
__udivsi3                                         c:/program files (x86)/atmel/studio/7.0/toolchain/arm/arm-gnu-toolchain/bin/../lib/gcc/arm-none-eabi/6.3.1/thumb/v6-m\libgcc.a(_udivsi3.o)
_close                                            src/ASF/sam0/utils/syscalls/gcc/syscalls.o
_end                                              src/ASF/sam0/utils/syscalls/gcc/syscalls.o
_erelocate                                        src/ASF/sam0/utils/cmsis/samd21/source/gcc/startup_samd21.o
_estack                                           src/ASF/sam0/utils/cmsis/samd21/source/gcc/startup_samd21.o
_etext                                            src/ASF/sam0/utils/cmsis/samd21/source/gcc/startup_samd21.o
_exit                                             src/ASF/sam0/utils/syscalls/gcc/syscalls.o
                                                  c:/program files (x86)/atmel/studio/7.0/toolchain/arm/arm-gnu-toolchain/bin/../lib/gcc/arm-none-eabi/6.3.1/../../../../arm-none-eabi/lib/thumb/v6-m\libc_nano.a(lib_a-exit.o)
_ezero                                            src/ASF/sam0/utils/cmsis/samd21/source/gcc/startup_samd21.o
_fini                                             c:/program files (x86)/atmel/studio/7.0/toolchain/arm/arm-gnu-toolchain/bin/../lib/gcc/arm-none-eabi/6.3.1/thumb/v6-m/crti.o
_fstat                                            src/ASF/sam0/utils/syscalls/gcc/syscalls.o
_getpid                                           src/ASF/sam0/utils/syscalls/gcc/syscalls.o
_global_impure_ptr                                c:/program files (x86)/atmel/studio/7.0/toolchain/arm/arm-gnu-toolchain/bin/../lib/gcc/arm-none-eabi/6.3.1/../../../../arm-none-eabi/lib/thumb/v6-m\libc_nano.a(lib_a-impure.o)
                                                  c:/program files (x86)/atmel/studio/7.0/toolchain/arm/arm-gnu-toolchain/bin/../lib/gcc/arm-none-eabi/6.3.1/../../../../arm-none-eabi/lib/thumb/v6-m\libc_nano.a(lib_a-exit.o)
_impure_ptr                                       c:/program files (x86)/atmel/studio/7.0/toolchain/arm/arm-gnu-toolchain/bin/../lib/gcc/arm-none-eabi/6.3.1/../../../../arm-none-eabi/lib/thumb/v6-m\libc_nano.a(lib_a-impure.o)
                                                  c:/program files (x86)/atmel/studio/7.0/toolchain/arm/arm-gnu-toolchain/bin/../lib/gcc/arm-none-eabi/6.3.1/../../../../arm-none-eabi/lib/thumb/v6-m\libc_nano.a(lib_a-errno.o)
_init                                             c:/program files (x86)/atmel/studio/7.0/toolchain/arm/arm-gnu-toolchain/bin/../lib/gcc/arm-none-eabi/6.3.1/thumb/v6-m/crti.o
                                                  c:/program files (x86)/atmel/studio/7.0/toolchain/arm/arm-gnu-toolchain/bin/../lib/gcc/arm-none-eabi/6.3.1/../../../../arm-none-eabi/lib/thumb/v6-m\libc_nano.a(lib_a-init.o)
_isatty                                           src/ASF/sam0/utils/syscalls/gcc/syscalls.o
_kill                                             src/ASF/sam0/utils/syscalls/gcc/syscalls.o
_lseek                                            src/ASF/sam0/utils/syscalls/gcc/syscalls.o
_mainCRTStartup                                   c:/program files (x86)/atmel/studio/7.0/toolchain/arm/arm-gnu-toolchain/bin/../lib/gcc/arm-none-eabi/6.3.1/../../../../arm-none-eabi/lib/thumb/v6-m/crt0.o
_sbrk                                             src/ASF/sam0/utils/syscalls/gcc/syscalls.o
_sfixed                                           src/ASF/sam0/utils/cmsis/samd21/source/gcc/startup_samd21.o
_srelocate                                        src/ASF/sam0/utils/cmsis/samd21/source/gcc/startup_samd21.o
_start                                            c:/program files (x86)/atmel/studio/7.0/toolchain/arm/arm-gnu-toolchain/bin/../lib/gcc/arm-none-eabi/6.3.1/../../../../arm-none-eabi/lib/thumb/v6-m/crt0.o
_system_divas_init                                src/ASF/sam0/drivers/system/system.o
_system_dummy_init                                src/ASF/sam0/drivers/system/system.o
_system_events_init                               src/ASF/sam0/drivers/system/system.o
_system_extint_init                               src/ASF/sam0/drivers/system/system.o
_szero                                            src/ASF/sam0/utils/cmsis/samd21/source/gcc/startup_samd21.o
armBitRevIndexTable1024                           ../src/ASF/thirdparty/CMSIS/Lib/GCC\libarm_cortexM0l_math.a(arm_common_tables.o)
                                                  ../src/ASF/thirdparty/CMSIS/Lib/GCC\libarm_cortexM0l_math.a(arm_const_structs.o)
armBitRevIndexTable128                            ../src/ASF/thirdparty/CMSIS/Lib/GCC\libarm_cortexM0l_math.a(arm_common_tables.o)
                                                  ../src/ASF/thirdparty/CMSIS/Lib/GCC\libarm_cortexM0l_math.a(arm_const_structs.o)
armBitRevIndexTable16                             ../src/ASF/thirdparty/CMSIS/Lib/GCC\libarm_cortexM0l_math.a(arm_common_tables.o)
                                                  ../src/ASF/thirdparty/CMSIS/Lib/GCC\libarm_cortexM0l_math.a(arm_const_structs.o)
armBitRevIndexTable2048                           ../src/ASF/thirdparty/CMSIS/Lib/GCC\libarm_cortexM0l_math.a(arm_common_tables.o)
                                                  ../src/ASF/thirdparty/CMSIS/Lib/GCC\libarm_cortexM0l_math.a(arm_const_structs.o)
armBitRevIndexTable256                            ../src/ASF/thirdparty/CMSIS/Lib/GCC\libarm_cortexM0l_math.a(arm_common_tables.o)
                                                  ../src/ASF/thirdparty/CMSIS/Lib/GCC\libarm_cortexM0l_math.a(arm_const_structs.o)
armBitRevIndexTable32                             ../src/ASF/thirdparty/CMSIS/Lib/GCC\libarm_cortexM0l_math.a(arm_common_tables.o)
                                                  ../src/ASF/thirdparty/CMSIS/Lib/GCC\libarm_cortexM0l_math.a(arm_const_structs.o)
armBitRevIndexTable4096                           ../src/ASF/thirdparty/CMSIS/Lib/GCC\libarm_cortexM0l_math.a(arm_common_tables.o)
                                                  ../src/ASF/thirdparty/CMSIS/Lib/GCC\libarm_cortexM0l_math.a(arm_const_structs.o)
armBitRevIndexTable512                            ../src/ASF/thirdparty/CMSIS/Lib/GCC\libarm_cortexM0l_math.a(arm_common_tables.o)
                                                  ../src/ASF/thirdparty/CMSIS/Lib/GCC\libarm_cortexM0l_math.a(arm_const_structs.o)
armBitRevIndexTable64                             ../src/ASF/thirdparty/CMSIS/Lib/GCC\libarm_cortexM0l_math.a(arm_common_tables.o)
                                                  ../src/ASF/thirdparty/CMSIS/Lib/GCC\libarm_cortexM0l_math.a(arm_const_structs.o)
armBitRevIndexTable_fixed_1024                    ../src/ASF/thirdparty/CMSIS/Lib/GCC\libarm_cortexM0l_math.a(arm_common_tables.o)
                                                  ../src/ASF/thirdparty/CMSIS/Lib/GCC\libarm_cortexM0l_math.a(arm_const_structs.o)
armBitRevIndexTable_fixed_128                     ../src/ASF/thirdparty/CMSIS/Lib/GCC\libarm_cortexM0l_math.a(arm_common_tables.o)
                                                  ../src/ASF/thirdparty/CMSIS/Lib/GCC\libarm_cortexM0l_math.a(arm_const_structs.o)
armBitRevIndexTable_fixed_16                      ../src/ASF/thirdparty/CMSIS/Lib/GCC\libarm_cortexM0l_math.a(arm_common_tables.o)
                                                  ../src/ASF/thirdparty/CMSIS/Lib/GCC\libarm_cortexM0l_math.a(arm_const_structs.o)
armBitRevIndexTable_fixed_2048                    ../src/ASF/thirdparty/CMSIS/Lib/GCC\libarm_cortexM0l_math.a(arm_common_tables.o)
                                                  ../src/ASF/thirdparty/CMSIS/Lib/GCC\libarm_cortexM0l_math.a(arm_const_structs.o)
armBitRevIndexTable_fixed_256                     ../src/ASF/thirdparty/CMSIS/Lib/GCC\libarm_cortexM0l_math.a(arm_common_tables.o)
                                                  ../src/ASF/thirdparty/CMSIS/Lib/GCC\libarm_cortexM0l_math.a(arm_const_structs.o)
armBitRevIndexTable_fixed_32                      ../src/ASF/thirdparty/CMSIS/Lib/GCC\libarm_cortexM0l_math.a(arm_common_tables.o)
                                                  ../src/ASF/thirdparty/CMSIS/Lib/GCC\libarm_cortexM0l_math.a(arm_const_structs.o)
armBitRevIndexTable_fixed_4096                    ../src/ASF/thirdparty/CMSIS/Lib/GCC\libarm_cortexM0l_math.a(arm_common_tables.o)
                                                  ../src/ASF/thirdparty/CMSIS/Lib/GCC\libarm_cortexM0l_math.a(arm_const_structs.o)
armBitRevIndexTable_fixed_512                     ../src/ASF/thirdparty/CMSIS/Lib/GCC\libarm_cortexM0l_math.a(arm_common_tables.o)
                                                  ../src/ASF/thirdparty/CMSIS/Lib/GCC\libarm_cortexM0l_math.a(arm_const_structs.o)
armBitRevIndexTable_fixed_64                      ../src/ASF/thirdparty/CMSIS/Lib/GCC\libarm_cortexM0l_math.a(arm_common_tables.o)
                                                  ../src/ASF/thirdparty/CMSIS/Lib/GCC\libarm_cortexM0l_math.a(arm_const_structs.o)
armBitRevTable                                    ../src/ASF/thirdparty/CMSIS/Lib/GCC\libarm_cortexM0l_math.a(arm_common_tables.o)
armRecipTableQ15                                  ../src/ASF/thirdparty/CMSIS/Lib/GCC\libarm_cortexM0l_math.a(arm_common_tables.o)
armRecipTableQ31                                  ../src/ASF/thirdparty/CMSIS/Lib/GCC\libarm_cortexM0l_math.a(arm_common_tables.o)
arm_bitreversal_16                                ../src/ASF/thirdparty/CMSIS/Lib/GCC\libarm_cortexM0l_math.a(arm_bitreversal2.o)
arm_bitreversal_32                                ../src/ASF/thirdparty/CMSIS/Lib/GCC\libarm_cortexM0l_math.a(arm_bitreversal2.o)
                                                  ../src/ASF/thirdparty/CMSIS/Lib/GCC\libarm_cortexM0l_math.a(arm_cfft_f32.o)
arm_cfft_f32                                      ../src/ASF/thirdparty/CMSIS/Lib/GCC\libarm_cortexM0l_math.a(arm_cfft_f32.o)
                                                  src/arm_fft_bin_example_f32.o
arm_cfft_radix8by2_f32                            ../src/ASF/thirdparty/CMSIS/Lib/GCC\libarm_cortexM0l_math.a(arm_cfft_f32.o)
arm_cfft_radix8by4_f32                            ../src/ASF/thirdparty/CMSIS/Lib/GCC\libarm_cortexM0l_math.a(arm_cfft_f32.o)
arm_cfft_sR_f32_len1024                           ../src/ASF/thirdparty/CMSIS/Lib/GCC\libarm_cortexM0l_math.a(arm_const_structs.o)
                                                  src/arm_fft_bin_example_f32.o
arm_cfft_sR_f32_len128                            ../src/ASF/thirdparty/CMSIS/Lib/GCC\libarm_cortexM0l_math.a(arm_const_structs.o)
arm_cfft_sR_f32_len16                             ../src/ASF/thirdparty/CMSIS/Lib/GCC\libarm_cortexM0l_math.a(arm_const_structs.o)
arm_cfft_sR_f32_len2048                           ../src/ASF/thirdparty/CMSIS/Lib/GCC\libarm_cortexM0l_math.a(arm_const_structs.o)
arm_cfft_sR_f32_len256                            ../src/ASF/thirdparty/CMSIS/Lib/GCC\libarm_cortexM0l_math.a(arm_const_structs.o)
arm_cfft_sR_f32_len32                             ../src/ASF/thirdparty/CMSIS/Lib/GCC\libarm_cortexM0l_math.a(arm_const_structs.o)
arm_cfft_sR_f32_len4096                           ../src/ASF/thirdparty/CMSIS/Lib/GCC\libarm_cortexM0l_math.a(arm_const_structs.o)
arm_cfft_sR_f32_len512                            ../src/ASF/thirdparty/CMSIS/Lib/GCC\libarm_cortexM0l_math.a(arm_const_structs.o)
arm_cfft_sR_f32_len64                             ../src/ASF/thirdparty/CMSIS/Lib/GCC\libarm_cortexM0l_math.a(arm_const_structs.o)
arm_cfft_sR_q15_len1024                           ../src/ASF/thirdparty/CMSIS/Lib/GCC\libarm_cortexM0l_math.a(arm_const_structs.o)
arm_cfft_sR_q15_len128                            ../src/ASF/thirdparty/CMSIS/Lib/GCC\libarm_cortexM0l_math.a(arm_const_structs.o)
arm_cfft_sR_q15_len16                             ../src/ASF/thirdparty/CMSIS/Lib/GCC\libarm_cortexM0l_math.a(arm_const_structs.o)
arm_cfft_sR_q15_len2048                           ../src/ASF/thirdparty/CMSIS/Lib/GCC\libarm_cortexM0l_math.a(arm_const_structs.o)
arm_cfft_sR_q15_len256                            ../src/ASF/thirdparty/CMSIS/Lib/GCC\libarm_cortexM0l_math.a(arm_const_structs.o)
arm_cfft_sR_q15_len32                             ../src/ASF/thirdparty/CMSIS/Lib/GCC\libarm_cortexM0l_math.a(arm_const_structs.o)
arm_cfft_sR_q15_len4096                           ../src/ASF/thirdparty/CMSIS/Lib/GCC\libarm_cortexM0l_math.a(arm_const_structs.o)
arm_cfft_sR_q15_len512                            ../src/ASF/thirdparty/CMSIS/Lib/GCC\libarm_cortexM0l_math.a(arm_const_structs.o)
arm_cfft_sR_q15_len64                             ../src/ASF/thirdparty/CMSIS/Lib/GCC\libarm_cortexM0l_math.a(arm_const_structs.o)
arm_cfft_sR_q31_len1024                           ../src/ASF/thirdparty/CMSIS/Lib/GCC\libarm_cortexM0l_math.a(arm_const_structs.o)
arm_cfft_sR_q31_len128                            ../src/ASF/thirdparty/CMSIS/Lib/GCC\libarm_cortexM0l_math.a(arm_const_structs.o)
arm_cfft_sR_q31_len16                             ../src/ASF/thirdparty/CMSIS/Lib/GCC\libarm_cortexM0l_math.a(arm_const_structs.o)
arm_cfft_sR_q31_len2048                           ../src/ASF/thirdparty/CMSIS/Lib/GCC\libarm_cortexM0l_math.a(arm_const_structs.o)
arm_cfft_sR_q31_len256                            ../src/ASF/thirdparty/CMSIS/Lib/GCC\libarm_cortexM0l_math.a(arm_const_structs.o)
arm_cfft_sR_q31_len32                             ../src/ASF/thirdparty/CMSIS/Lib/GCC\libarm_cortexM0l_math.a(arm_const_structs.o)
arm_cfft_sR_q31_len4096                           ../src/ASF/thirdparty/CMSIS/Lib/GCC\libarm_cortexM0l_math.a(arm_const_structs.o)
arm_cfft_sR_q31_len512                            ../src/ASF/thirdparty/CMSIS/Lib/GCC\libarm_cortexM0l_math.a(arm_const_structs.o)
arm_cfft_sR_q31_len64                             ../src/ASF/thirdparty/CMSIS/Lib/GCC\libarm_cortexM0l_math.a(arm_const_structs.o)
arm_cmplx_mag_f32                                 ../src/ASF/thirdparty/CMSIS/Lib/GCC\libarm_cortexM0l_math.a(arm_cmplx_mag_f32.o)
                                                  src/arm_fft_bin_example_f32.o
arm_max_f32                                       ../src/ASF/thirdparty/CMSIS/Lib/GCC\libarm_cortexM0l_math.a(arm_max_f32.o)
                                                  src/arm_fft_bin_example_f32.o
arm_radix8_butterfly_f32                          ../src/ASF/thirdparty/CMSIS/Lib/GCC\libarm_cortexM0l_math.a(arm_cfft_radix8_f32.o)
                                                  ../src/ASF/thirdparty/CMSIS/Lib/GCC\libarm_cortexM0l_math.a(arm_cfft_f32.o)
atexit                                            c:/program files (x86)/atmel/studio/7.0/toolchain/arm/arm-gnu-toolchain/bin/../lib/gcc/arm-none-eabi/6.3.1/../../../../arm-none-eabi/lib/thumb/v6-m/crt0.o
board_init                                        src/ASF/sam0/boards/samd21_xplained_pro/board_init.o
cpu_irq_enter_critical                            src/ASF/common/utils/interrupt/interrupt_sam_nvic.o
                                                  src/ASF/sam0/drivers/system/clock/clock_samd21_r21_da_ha1/gclk.o
cpu_irq_leave_critical                            src/ASF/common/utils/interrupt/interrupt_sam_nvic.o
                                                  src/ASF/sam0/drivers/system/clock/clock_samd21_r21_da_ha1/gclk.o
doBitReverse                                      src/arm_fft_bin_example_f32.o
exception_table                                   src/ASF/sam0/utils/cmsis/samd21/source/gcc/startup_samd21.o
exit                                              c:/program files (x86)/atmel/studio/7.0/toolchain/arm/arm-gnu-toolchain/bin/../lib/gcc/arm-none-eabi/6.3.1/../../../../arm-none-eabi/lib/thumb/v6-m\libc_nano.a(lib_a-exit.o)
                                                  c:/program files (x86)/atmel/studio/7.0/toolchain/arm/arm-gnu-toolchain/bin/../lib/gcc/arm-none-eabi/6.3.1/../../../../arm-none-eabi/lib/thumb/v6-m/crt0.o
fftSize                                           src/arm_fft_bin_example_f32.o
g_interrupt_enabled                               src/ASF/common/utils/interrupt/interrupt_sam_nvic.o
hardware_init_hook                                c:/program files (x86)/atmel/studio/7.0/toolchain/arm/arm-gnu-toolchain/bin/../lib/gcc/arm-none-eabi/6.3.1/../../../../arm-none-eabi/lib/thumb/v6-m/crt0.o
ifftFlag                                          src/arm_fft_bin_example_f32.o
link                                              src/ASF/sam0/utils/syscalls/gcc/syscalls.o
main                                              src/arm_fft_bin_example_f32.o
                                                  src/ASF/sam0/utils/cmsis/samd21/source/gcc/startup_samd21.o
                                                  c:/program files (x86)/atmel/studio/7.0/toolchain/arm/arm-gnu-toolchain/bin/../lib/gcc/arm-none-eabi/6.3.1/../../../../arm-none-eabi/lib/thumb/v6-m/crt0.o
matherr                                           c:/program files (x86)/atmel/studio/7.0/toolchain/arm/arm-gnu-toolchain/bin/../lib/gcc/arm-none-eabi/6.3.1/../../../../arm-none-eabi/lib/thumb/v6-m\libm.a(lib_a-s_matherr.o)
                                                  c:/program files (x86)/atmel/studio/7.0/toolchain/arm/arm-gnu-toolchain/bin/../lib/gcc/arm-none-eabi/6.3.1/../../../../arm-none-eabi/lib/thumb/v6-m\libm.a(lib_a-wf_sqrt.o)
memset                                            c:/program files (x86)/atmel/studio/7.0/toolchain/arm/arm-gnu-toolchain/bin/../lib/gcc/arm-none-eabi/6.3.1/../../../../arm-none-eabi/lib/thumb/v6-m\libc_nano.a(lib_a-memset.o)
                                                  c:/program files (x86)/atmel/studio/7.0/toolchain/arm/arm-gnu-toolchain/bin/../lib/gcc/arm-none-eabi/6.3.1/../../../../arm-none-eabi/lib/thumb/v6-m/crt0.o
port_group_set_config                             src/ASF/sam0/drivers/port/port.o
port_pin_set_config                               src/ASF/sam0/drivers/port/port.o
                                                  src/ASF/sam0/boards/samd21_xplained_pro/board_init.o
refIndex                                          src/arm_fft_bin_example_f32.o
sinTable_f32                                      ../src/ASF/thirdparty/CMSIS/Lib/GCC\libarm_cortexM0l_math.a(arm_common_tables.o)
sinTable_q15                                      ../src/ASF/thirdparty/CMSIS/Lib/GCC\libarm_cortexM0l_math.a(arm_common_tables.o)
sinTable_q31                                      ../src/ASF/thirdparty/CMSIS/Lib/GCC\libarm_cortexM0l_math.a(arm_common_tables.o)
software_init_hook                                c:/program files (x86)/atmel/studio/7.0/toolchain/arm/arm-gnu-toolchain/bin/../lib/gcc/arm-none-eabi/6.3.1/../../../../arm-none-eabi/lib/thumb/v6-m/crt0.o
sqrtf                                             c:/program files (x86)/atmel/studio/7.0/toolchain/arm/arm-gnu-toolchain/bin/../lib/gcc/arm-none-eabi/6.3.1/../../../../arm-none-eabi/lib/thumb/v6-m\libm.a(lib_a-wf_sqrt.o)
                                                  ../src/ASF/thirdparty/CMSIS/Lib/GCC\libarm_cortexM0l_math.a(arm_cmplx_mag_f32.o)
system_board_init                                 src/ASF/sam0/boards/samd21_xplained_pro/board_init.o
system_clock_init                                 src/ASF/sam0/drivers/system/clock/clock_samd21_r21_da_ha1/clock.o
system_clock_source_dfll_set_config               src/ASF/sam0/drivers/system/clock/clock_samd21_r21_da_ha1/clock.o
system_clock_source_disable                       src/ASF/sam0/drivers/system/clock/clock_samd21_r21_da_ha1/clock.o
system_clock_source_dpll_set_config               src/ASF/sam0/drivers/system/clock/clock_samd21_r21_da_ha1/clock.o
system_clock_source_enable                        src/ASF/sam0/drivers/system/clock/clock_samd21_r21_da_ha1/clock.o
system_clock_source_get_hz                        src/ASF/sam0/drivers/system/clock/clock_samd21_r21_da_ha1/clock.o
                                                  src/ASF/sam0/drivers/system/clock/clock_samd21_r21_da_ha1/gclk.o
system_clock_source_is_ready                      src/ASF/sam0/drivers/system/clock/clock_samd21_r21_da_ha1/clock.o
system_clock_source_osc32k_set_config             src/ASF/sam0/drivers/system/clock/clock_samd21_r21_da_ha1/clock.o
system_clock_source_osc8m_set_config              src/ASF/sam0/drivers/system/clock/clock_samd21_r21_da_ha1/clock.o
system_clock_source_write_calibration             src/ASF/sam0/drivers/system/clock/clock_samd21_r21_da_ha1/clock.o
system_clock_source_xosc32k_set_config            src/ASF/sam0/drivers/system/clock/clock_samd21_r21_da_ha1/clock.o
system_clock_source_xosc_set_config               src/ASF/sam0/drivers/system/clock/clock_samd21_r21_da_ha1/clock.o
system_gclk_chan_disable                          src/ASF/sam0/drivers/system/clock/clock_samd21_r21_da_ha1/gclk.o
system_gclk_chan_enable                           src/ASF/sam0/drivers/system/clock/clock_samd21_r21_da_ha1/gclk.o
system_gclk_chan_get_hz                           src/ASF/sam0/drivers/system/clock/clock_samd21_r21_da_ha1/gclk.o
                                                  src/ASF/sam0/drivers/system/clock/clock_samd21_r21_da_ha1/clock.o
system_gclk_chan_is_enabled                       src/ASF/sam0/drivers/system/clock/clock_samd21_r21_da_ha1/gclk.o
system_gclk_chan_is_locked                        src/ASF/sam0/drivers/system/clock/clock_samd21_r21_da_ha1/gclk.o
system_gclk_chan_lock                             src/ASF/sam0/drivers/system/clock/clock_samd21_r21_da_ha1/gclk.o
system_gclk_chan_set_config                       src/ASF/sam0/drivers/system/clock/clock_samd21_r21_da_ha1/gclk.o
                                                  src/ASF/sam0/drivers/system/clock/clock_samd21_r21_da_ha1/clock.o
system_gclk_gen_disable                           src/ASF/sam0/drivers/system/clock/clock_samd21_r21_da_ha1/gclk.o
system_gclk_gen_enable                            src/ASF/sam0/drivers/system/clock/clock_samd21_r21_da_ha1/gclk.o
                                                  src/ASF/sam0/drivers/system/clock/clock_samd21_r21_da_ha1/clock.o
system_gclk_gen_get_hz                            src/ASF/sam0/drivers/system/clock/clock_samd21_r21_da_ha1/gclk.o
system_gclk_gen_is_enabled                        src/ASF/sam0/drivers/system/clock/clock_samd21_r21_da_ha1/gclk.o
system_gclk_gen_set_config                        src/ASF/sam0/drivers/system/clock/clock_samd21_r21_da_ha1/gclk.o
                                                  src/ASF/sam0/drivers/system/clock/clock_samd21_r21_da_ha1/clock.o
system_gclk_init                                  src/ASF/sam0/drivers/system/clock/clock_samd21_r21_da_ha1/gclk.o
                                                  src/ASF/sam0/drivers/system/clock/clock_samd21_r21_da_ha1/clock.o
system_init                                       src/ASF/sam0/drivers/system/system.o
system_interrupt_clear_pending                    src/ASF/sam0/drivers/system/interrupt/system_interrupt.o
system_interrupt_get_priority                     src/ASF/sam0/drivers/system/interrupt/system_interrupt.o
system_interrupt_is_pending                       src/ASF/sam0/drivers/system/interrupt/system_interrupt.o
system_interrupt_set_pending                      src/ASF/sam0/drivers/system/interrupt/system_interrupt.o
system_interrupt_set_priority                     src/ASF/sam0/drivers/system/interrupt/system_interrupt.o
system_pinmux_group_set_config                    src/ASF/sam0/drivers/system/pinmux/pinmux.o
                                                  src/ASF/sam0/drivers/port/port.o
system_pinmux_group_set_input_sample_mode         src/ASF/sam0/drivers/system/pinmux/pinmux.o
system_pinmux_group_set_output_strength           src/ASF/sam0/drivers/system/pinmux/pinmux.o
system_pinmux_pin_set_config                      src/ASF/sam0/drivers/system/pinmux/pinmux.o
                                                  src/ASF/sam0/drivers/port/port.o
testIndex                                         src/arm_fft_bin_example_f32.o
testInput_f32_10khz                               src/arm_fft_bin_data.o
                                                  src/arm_fft_bin_example_f32.o
twiddleCoef_1024                                  ../src/ASF/thirdparty/CMSIS/Lib/GCC\libarm_cortexM0l_math.a(arm_common_tables.o)
                                                  ../src/ASF/thirdparty/CMSIS/Lib/GCC\libarm_cortexM0l_math.a(arm_const_structs.o)
twiddleCoef_1024_q15                              ../src/ASF/thirdparty/CMSIS/Lib/GCC\libarm_cortexM0l_math.a(arm_common_tables.o)
                                                  ../src/ASF/thirdparty/CMSIS/Lib/GCC\libarm_cortexM0l_math.a(arm_const_structs.o)
twiddleCoef_1024_q31                              ../src/ASF/thirdparty/CMSIS/Lib/GCC\libarm_cortexM0l_math.a(arm_common_tables.o)
                                                  ../src/ASF/thirdparty/CMSIS/Lib/GCC\libarm_cortexM0l_math.a(arm_const_structs.o)